JGwq4M2dtrc
__9q24NWKvo
PcRpmOZMyQ8
gjTZTyTHMKc
pJ6cC2BzG48
yn1hL5SKvgU
3srWoHZ9hU8
IglXPVJ98t0
njkfK4iq9N8
xVLdPTHbPTs
IMe03O1uTaw
Phk1-akPtXo
iz3SqzmT27I
FusmL9khm9c
7J0uzyxfnLc
j5Z7wYcSL2U
mmu0bibaFK4
aj6qfggo1MU
knXNA6BTyeY
jf-CwAVgDCw
wgmdN_Td89o
CirZARV53gU
Gr9XSQlThXk
oYzwf68vX4I
f9OZqLU33Ro
mWq7gD-M2TA
KBqOusKpYo8
3GCsypteayA
noufJwi95ks
3263BhBC6V0
veK_kSLIfbU
tv5adZLMeLw
BBpO3tMKfwY
Lbo-iJjRa_I
E7TOwSHN370
Cj5rCMDXxWI
wTBevvIuoHk
lRyfV8qxhQo
5E9bO5ZURcs
uxPdPpi5W4o
N7lXymxsdhw
q3kSW633bsk
S_GVbuddri8
zUyH3XhpLTo
L3HVXjZB7EY
vu21wxmTQLo
UvV-EgSiJvM
jko37occd9w
voKP4NU52sI
7VK7tQXr91w
kBj0By7IarM
3IXb6gb5Ifc
DNQxUCizazs
ESgrKoGfdWA
MH90ULpo5fQ
eeeYBn43ST4
UnbmwxYi18I
rm3IoKdenLE
p81YdBI06mw
2McLmFGini0
kmpMvXM2Ap0
MXpj1vweBpA
sMfQ7hokuac
Iv8LKs2KpIA
9ayb1-4jeBw
_ljfOCiP0XM
LfOmU9xk8RM
pjXCxNqYQeY
aI8JllGtFQo
HfswunKp9gw
O4LdAujiAhU
EUgl2Q2J7ME
Rlc4FKIVp1o
PRDEvPHluaE
SxFtQx6wu-Y
kg1ygK-o6qo
vpWSrD8s0BE
2ClckQzJTlk
Un5-rZxcNn4
y1SiP9kuLU8
R9JBIiuljK4
37Y2qHiTzuE
r29HP2QZx1o
6bGYkjWe3to
R024KARlMUM
cUnyGukvwMA
xYdWh9toLs0
E3KxrlOguIk
fHsa9DqmId8
ovb8dWK49KE
YUjN86T9mi8
H_vyu8JKPXk
nTCHapo8QFM
Xmq3iyW02b8
3RMEoOl80SM
mviUmbrvAP0
Q7EEbTXNU4c
Mp4YKnC71Xw
tlThdr3O5Qo
Ucp0TTmvqOE
wjis5HUE_2Q
jJM-ZKzFn7A
_nX8fJshc0U
w5SC1uIxXhk
Uk2aHGjOdlQ
kzzCFlMTZGU
SKGJyVWRdJM
7sZp0XzHNJ8
ly4S0oi3Yz8
p_di4Zn4wz4
jBsC34PxzoM
brU5yLm9DZM
jsYwFizhncE
ijMDpg7t4wc
g_O8BGdLUGI
Umoy9VDgRtc
dS_CbYx8PGI
utrKgcz0JF4
h4Uu5eyN6VU
zBkVCpbNnkU
p_8yK2kmxoo
JyECrGp-Sw8
H6u0VBqNBQ8
1YSqY6btC0g
zfUqOkgPOjY
iybsIGyW_to
1YHR7FWI7Go
amR6HV05tFg
L79BYTpTPco
PdrP4HsQzZ0
0IO9OjCZGUs
i3CobZOLF4g
LA9PgQ796yo
lvTqbM5Dq4Q
kjraelDMrFQ
Z3IPVWN-1ks
Cfg11qQwPzQ
zBr9YiSwdzM
H4bf_uuMC-g
A0hoqSkyY7o
ptcHHXp1PEU
w68BBPDAWr8
42_lCOayS6s
gt7KgdMgNU4
kfecnPG_Yog
taSaOpU-dew
fCaN18evSjI
xP2lduYHoxo
sWpBFtlIVL8
MPRQMedhJWs
FVh8dhCiqWk
rKlHEv5N1zc
mmdKdiGXWwg
JRuNA2eK7w0
yQE9KAbFhNY
v9M2Ho9I9Qo
L5pUA3LsEaw
V527HCWfBCU
yYJ4UmxGrIk
woqy13ZkeqM
yrYLvaXCokg
PAOzGNFamgQ
htdDaHAhR-s
Q-SI0U4KIUE
vdlYXKxTn50
ohuOmykkFuU
cnOi3tjPCVg
jpFbzALWlIk
IZG_2fzDUfM
038g7kf_Iq8
2lPmeKrAZFY
YUt0WNGPcB8
LiEXnFzPOsE
JT0wx27J9xs
FY_NtO7SIrY
V-1RhQ1uuQ4
1PGm8LslEb4
MUiYglgGbos
OoKpLIdiPeM
F64xcPKKES8
HodWkE0G28M
SdySHadrYAA
N7d_RWyOv20
Z99bsizp4bY
unqsQJaECv0
FRZQ-efABeQ
UCEgC86u7UM
vuZbQOphVAY
TsRS3G8J1xA
j2_dJY_mIys
7t6iOag6kcE
qydaCE4IoAc
UsWveCJABeo
_OsUI_EwPO0
Lw9Uiq6b62w
AF6SiaHU08c
ORo_oKhmUXQ
Po-qj8xqiBI
dvDmuej4mwk
LD8XYdehZbI
Rx67BcnDk9c
0n3UFtiyxwA
qeRxnyx36vU
gyEA0rGrnqc
UTaI1wsicwA
YteT18gV7Fk
tNp9JBTiCRw
MvjZb2mmw8Q
IfV1w1sfm8o
SHSCOvMA49s
WXtkqr539X0
VHLfC82joK0
LtOfRHQ_TQM
d3apVurcRL4
quHfkk--tk4
ghkP5P1onns
GKGuh4FmEE4
wmsATYFaT9Y
ISi10kUecNY
MWhPQP9OVTA
Yx3Xsg6c1P8
KhWtjn8hjOo
yLIBbQVhoDA
y6mQqn2adqc
r6h7AqpNozA
OvTiqsJBJro
X4DJgf5jWr0
DmLMjbQPXGI
INwpzISLqLA
iOMSH6W8gpQ
wvzwrSFMF4E
GiOnaBTV-MY
Q2g1ERlH8LU
eR78mMryky0
ENIq8rDxqas
E25xx40a6zk
WMqSdEuQ4wA
uX9LDHo7XPQ
3XgnYfFi0zQ
yyVU6iBawuE
WqGop-zPu2k
XthUbNKX8Xs
FFhGr8mZtKc
UJO_stDlBGc
HqGk-_89FGQ
_18avidXxqY
rdeSzhRQAL8
-CiLU9-RAGk
cv7Hhq5ddR8
3LbGcNJHLr4
MMJVZ48IRkM
NC_Fi2gtjTI
wwZ5UG1bc2Q
9Q5JPoR0_Zg
HV0wYvLdUdE
1Z08cNtV8A0
MYxftN99-d0
ycZ21hIdH3k
ITm1-rzDNIk
JadfrHfL6j8
fADfyLcHk3A
K8EqMaAdOw8
p4dTl9CI3uU
m7AdKGVyL2U
N67ywmS0qFQ
BNuliOVJ8O8
H7xuC41QBYE
AeJ9q45PfD0
0ksq1CSpuPY
NHWPlcdlGck
We92ltfS3Ag
_mN7Ry5QXfQ
JqtY61iisXQ
HJ0l3G6T9ik
0QUeITNlkT4
KlxzuHlgji4
6RBurQzsUhw
ci06z6GB2j0
ggIUX0SGwVs
vsTImsK6z4Q
wolxZnddVRI
kW4c1fTr0M8
hNMRdJxDRCQ
UWpf4ZSAHBo
ra97L9UQJjg
L8FC31YPlQs
JMEz5JfSzTU
DSWyHLptlvA
O1Jp9zXr-so
aXNu3SwJ34o
NbLj7VzDps4
4nebO1yEQWM
4_-rp6HHCU0
MSHqxdj2Rtg
0B7yBkzxoU8
SXaQ9mttx2g
oYsp7OIMFAs
1UfmJHFm3R4
RXTWhcP1CkM
Lnw30-t-vSM
Vt2OsJIua-w
A0PxdmJ86yA
bsz4uEft-10
On7mOGNWgQc
_WUK7AcgYfA
6sKi6Wy4bD4
CSV5Dm4QqNA
PSHhmU5hIHA
OOctShLpt8w
-q4H1OmyvSg
pOLRS29jwbQ
7WSWlppP178
Z-zkp4CtKio
dswxWgfuZT4
tL4SOHS7MLQ
AvS5fnDaYeE
LbSqFU-vW9I
pYcSTrdDu5g
SWo9y9Dg7MY
97JvTNwQ0xs
Da3AcX0qroU
QNBw1DK9ov8
8pqjlA3uLBw
SKMHsYyfgfo
wqH1F96OBWo
NuS_JLkQbKc
yt9Ma1W_0wI
FGiBHsUkVzU
D-0CH-cMas4
it36Dn8H6Ww
ETLmnREIKX0
YI-f3GqCZa4
8-hndT53A50
06CeYHfFGwk
B6Zr2F-8eo0
isyn__8lC_Q
faNkHukob9U
RQaWaeD9_wA
zlSbiUE_FLA
GdWkapFcMxs
9eCjlsHrirU
VBvxNeH_Yl4
ouAccsTzlGU
kOtsF83Xsa8
dacLFLCHPTU
lP5L9zWy198
GvNfV1xc-Rc
5todjTtrSTE
lKK2iZP-nXs
yalEZJhIU18
rgAgV_mrv1M
zpXEoiOcmLc
nnRtif3_5f4
oVd-90eUbOI
jpeDxHhf070
AdwwF8Wu7k8
BI8m7T5t4sw
r9OQR9_l9Zk
MnUvcud9KTM
TlrNLK6buvU
n8EEJlzADKI
xxujT_ruutQ
KGWRRifvrPI
R0MVHpcx49A
Va5i42D13cI
e3zkGyVEx8I
5qQL0QZG9nQ
XLnW5hpSDek
EIFBFMU32JE
X-uab9qGrVQ
F_nl7jnL9io
N2mZ16tHQZM
UZ0KeEUXLDE
BRYMzaGoIGs
6ii6OIi5aoc
W-gOQWhzPUQ
BZbChKzedEk
xV3svIVLiIc
ywBV6M7VOFU
qtSyyZ4lEco
0KyM3ATGuzA
JehxPoS27nU
g2-JZ-kqCtA
Uy6d0TyeedA
a73cHqVYpV0
TZJ6v9bmFio
CCyTK6I88f8
rcxLvI0FM4g
PjeE8Bc96HY
_koVM8D_7sw
uU2RRNYYEZI
4NvUr4x2oEI
JCAKGgwanb8
KJ7bvbTY4O8
NFlREzLSPuc
XFr8jtdyWzg
CP-PU_GjQFw
7QhQWxzO_b4
oX1VAnf06wY
lwM7P8rDjBs
_bVx4E0wlPc
9WjtlMbb2Ck
QJP2QNEjD9I
DANwXGGfe4k
mJXOlJBWcaI
x8dTe_-NkFg
4PGTYyO3rug
ToIXSwZ1pJU
xeuWQf41NV4
D4rtAChaXSE
6xJo490fDqo
gKqvMP3Iqyk
OTrn4o0kCu4
SYm5XxpGVeA
EJNgjQejgsk
epoaH4u4AZU
JiAmk-jh-4U
QnVkWnE1Kfg
SQv6x8w7zcM
2dlxOygPTJQ
CVWBIDRcFq0
fhbbHk5jExs
_1EQj-aVA9s
_NXygBprD-M
Xpc4-rZi4DE
NYsQ0zr9sg4
Zo9UYF4zaXc
F9-ck8kiHO4
oR41sN8RjoI
BHatP4Co8m4
w0m6TEqbOq0
ISUaWrOooiE
YdqHa7Gfrbg
0-Qe60GzluI
oGoiX16N7sQ
aZccP9_Qr7U
XK2iWMwDbGU
0-WOVk9quTw
L4IMWwu-s1U
Jkn9_yr-Y7I
y_nYr4ewuGc
BJBp1QIzaJo
RnR-tfpSn0A
-V8rg7tUJ0A
XT6TSO2YMiE
BLgNYuQWnbs
6TgEAE0GNkQ
OTMELHUAzSM
OFgMCXYWVzg
3gkWYGW37Pg
uuEYxptbIQc
fOyNzZvFCk4
pKgGothVOIg
OuMgdKDLc5o
S2qLB5JxCvE
jlMOXCwsMb4
1_YkgvtGqc8
2olgPmHY-84
R5TqCLvlX1M
ZcU2ToPwTSk
pUwVZUOSTvk
C66vb3F8v80
SOEnD_0-unU
3qObOBv3IFg
7NtNhYjOXN0
5mP6PSgCiaI
xylDIHUokSY
zlhLxXD5ERw
0MewrEcqIRE
ovs1R47Cp-o
xD88Qs_DZp4
yMNWH3Io-0M
Wea7Gc-b0EA
Hip5c0CtJZQ
f0uSjuLC55s
GcdB5bFwio4
5whWs_k9BHk
ZOgvNJe28WI
kBbZHoAtNk8
aXCxY21e3ho
_zcBhZ9akME
l-LmdeQW7Ro
ekOeC4cz7ew
UYs2RvZHnXg
AQ9ds9y6bcg
i_72p71pChg
1Jgt3sXjRX8
5JkRYnxwwDo
vpbiaDO5Mb8
JLB73io82qg
I7yqSCe3khw
Yz6d_gAeivY
XTaLYS1PuGc
2yxCk_2yU4o
jwkATlUM6uo
DAVunun5pV0
psummVmqlBo
9DvkVVwLAIw
S-7LD8uGf1c
AuWRCtDBB9s
K9U1AiyidA4
zI92GpwzSHg
W_1sLSrcM7o
GTL9vSyLYf4
M4eBU90G_g8
LnpbuJ2R6ck
qGt95AlCxOk
PNn6oWUoc4U
CGsWTbEDruA
Bo6DCUBfWYk
Tdd9_SjM1kw
Eeo8asTySvc
zJgzGKSUS7c
hK2tkDyS2EM
Oh8iySxeYO8
rURRYI66E54
r1r7TgIHI_Y
LDXjeV6HDBI
WzWiyMkmlZQ
NNxBvSk2ig8
Fb17YQOAUAo
zEr3SfLDkWI
0OwF14DOOPg
d9B2b5o8D4c
HQHFANGxLe8
8Hub882dob4
U42CdZbgDgI
2T_F4RlAQfI
OVNqa4pkmYg
jtp71NT0GNg
EQ9Swfer9lI
jLQdUJiLsy8
KK3xSMWtcjA
m69SZvtYk9g
-YvJDLdDdF0
aujCoIqkB5Y
D-vKbMqM_-U
pjE_Y_Ct85s
C9nPKnJwC9I
bip8dnYBS0Y
2pILGpf0EAI
B19nlhbA7-E
A5NK9eSn4Iw
tlLhRxQg43c
hsyXOE2EKwo
cQ_D2x5uUkc
onGdQ2cpYdc
L5QZLKOaf0U
nSfsVG2hUqA
wAq8j5HeBsk
IDWyFa-YzT0
ayUWNCwQAtg
wSPtwcsYECw
ivuNjAYVxX0
zfCa53hRYMs
_V_-62BVw54
r6sGWTCMz2k
2PWfLePhano
epkBko35Amg
lr29bFc79pk
ZKnPy9bS1Gk
JkHAhhJIoQA
NREjvypM5Gk
HFquZ5chcM0
DGEfUVLAVtk
c4mMRzC_Do4
OJviNb9Ros8
s3jeWvqUHIU
hhMv8AxHXy8
HLaKn18TFTM
uUcXtpuzS2w
TapVcZawoPQ
fvQ5Rj1isrw
FXmDNUfGRqU
eFNsN-5eaOw
g2MSN-YLW9k
VX5e9cUCmKU
MtSq0m27jH4
-BsCZ8PRk6g
a9lgGmUZX74
-4DHiKqpNVI
1-jTW9BwAOc
-qgreAUpPwM
hmB4fd8BRQg
EDUA7tOkaWo
dEIT-nUUTsE
60L3eKvLbWU
dRW_5KfiOyA
vV6MwoDYwWw
89A4jGvaaKk
PGIslUtocxU
Iu_7V2gaYZk
Etiv1QTZ5_I
AFisyvX5uIs
UVERqfD8Gh8
kVL_uLu9bD4
NW9Y7rUkj2Q
GWDJiTjOeTk
IkYgs-AN_Fg
o4I6ZVhv9o8
eWSbI3rpGmo
a_uuPNOnAzE
id4RLbRTHzM
_IFQglAkpdc
Dm6-JZGKjXA
4trU6mVUn0Y
BtCNBh0AsWM
kHDq3NF6jw0
v0YEaeIClKY
FfgT6zx4k3Q
jyJjNGYxw0M
PeJZUSOsvxM
kDAEu5ScjN0
RI16dMyPZh4
VPoH6yGr4xA
OIcyjoo71Jo
TM9Awe5lSrA
B2ls3FhiJOQ
14uDDAQdh_Y
tIFfSjrEAP0
4OTdbLXJG50
JAzkOqzyrgk
V5zm1OxI3wo
TtCSKyDWbz0
2tp3UVUcams
LkJbvIpUxJg
ek0yyL8iV7I
1opLSwlqBSI
KtRLF6rAkyo
TJdH6rPA-TI
8k56bvhXw4s
QxZ_iPldGtI
ULVLJMtUWc0
mznjBgMnmn0
itddowappks
eaV7tCKer-M
29gTLlPjGVE
hnjlHw8XRKw
9LuLg90d7is
JIZR1XW8EwY
o9STgQHMdLY
rTARTj3-nog
rk2hciUTNZY
QG06SwI-Y2o
4YB2wx2RXWE
58rbrwvg588
a44iLw_zScM
QEY9tEWmdgI
gFZQPkYe8gQ
tLdO2mib_Hg
noSVboOw3yI
zfqpYDVhXd8
vkONqj_YlqQ
6dDP5MTborM
uAENq9Vr3KQ
NeY0DoFi-R0
qN0EvRynVhk
oUEe6E_ILJI
EVRA_xDhAo4
2fX0oqgdpb0
fx-kXQ0rWkY
5_qCdIICRVU
jtY8EFASDOI
b3RAVyXJlZ0
onTdRQir2Kg
yaIbl8KyHDI
p6puImP8kjU
26uJHgh8PqA
U9ilJEJLdOU
6n6iXua1AyE
7-MFRr7LRjo
xcFy87XQJRA
QQHbtllR_2o
K4cUVEFbAco
OpDrHvNo2Qo
IFJdQ37-Dz4
5lTuFgzw1X8
ayC2jSvyaNk
eKO3TUds2Jo
VvcOfUrHS5U
yz9HyI579Ws
LQNZL_r42h0
gTs-h1Ugpe0
9qJ5YAxDb6c
eaCGWmXu80Y
Gh94EMkwh5k
kpIUzYf7Xx8
RYAoBRtME7Q
p-6F4rhRYLQ
weZ31GzoxRk
RtjTjmroSkU
hyMW0eeRv8U
qlo38b3sE3Y
IZN8FxM_6rk
mionXLO2kIQ
MNbqjLqK0Nc
jCvaqHGUVug
QhYPbysdS50
FbKyFBhmYBE
gvqTwpqFTmk
E7uGvsT_nnM
t2OfgDC8anY
ChvAV3I0DXM
ViXmndARCZI
001mNAQUp_Y
W7ULS4UFLnE
oqaoDsfUcM0
uxXNNEdz12g
TC0oN8aPYzw
1YHgAGTuI4k
nXSZ7OH-qaQ
0DlLHKejdsQ
lJf2i87jgFA
p9QTNifiJ2w
mQtzSZ5lOKQ
8lADiEzy_mE
ovzNjuyR5bk
cIDbGciJY_E
sDqkSLlRgKg
pxyLMsaysN4
weTiif3vXJ0
tSEfiPm_YRE
5wElhkdFhEg
lWJzfunvfkE
uzDDpbtCIC8
ZCdsTijOj84
UKECKqrqaC0
F-haHBlN-Ic
d2vqXRNiRoc
LP_4sS117iw
yF_JgoGxZU0
0Pwog-P2ajQ
YFZPyZNB_XE
BDcXlC7mR7Y
P7L4x7dXAMM
HrzPoGPzUCs
zUAUAm1znJc
RzsJUUwKjgI
jLCjT9l83KI
PkyksYOyi7I
ebsEkS_Obmo
93ZDmOQVn1k
Os4Om9Oyg1s
KZhKuJmPZd0
qlw-p12xtLM
gKpcR4MEQmQ
q1DYEpOU_Yc
PoBAHyjsFlk
BSypUV6QUNw
F_gK5bkQH84
AJxLtdur5fc
SR1SsJ4zKGg
0EiuVMYAOPs
ZMX1l423xnI
KxvTmF8X9xs
yid2X7wQBKs
0302KcgoTPQ
plau5rw1Kd8
Nk0MRxXqo9s
Gc8_pN7EiRE
sS_yp09LnH0
gKS43JEZAd0
si_6RNHiJag
DbRwahaCXMQ
oBeSsW0cuZU
fErUu217Pu0
hlQ3C4i7sfE
lcWSrIiR1tY
SlgrxVuP5jk
B9eYCGOlr5Y
WxH4CAlhtiQ
8A2nJd9Urk8
riBaVeDTEWI
Ml8C0OS9YMI
MoVl6LnqMCQ
eNAo8sPevxU
or_Va-hCY4M
ZKcgt8S640Y
t__VQuqId2I
xZ7Kj38rBs4
vFBVM_Kfqbc
5I6jqIaeJkE
5IJf3Jc_Ch8
tJf0h9T4rAc
0RApKeMGDnE
T-lBMrjZ3_0
DgAIbH_Y3Hg
Pyx8xphGNB8
T7fTwpov8BM
DWvN786izYA
7ul9rgVIpak
3y2c_AeSdjI
RDKhHLmLKgI
CVGteaQALF8
GATuMWAFBUA
CyhuL4zYK78
iaH9qn9CFwc
3zW7dIRHIX8
MXalvLk0Nfg
0NrRds7G9qE
I1P8Km_v9Ow
D7cNiN4OXdI
39EY_muGnM8
VLB3dXjSCvM
-C1ovPrY7vs
dzlZrGYFLQc
bHxJ2nxAICI
Dh8Yd0mQnB8
hLLcvzFbBZ4
kn0RIElGP2U
uq4DqvJXj0g
M64HUIJFTZM
qjkqN4yQ-K4
xGq95XPjgsE
EAKomUtx-WY
OydxxcSFhSA
BB2-qfNxBQI
8XH8QP7-UxA
runFkq-QlQ0
JMjcjEQK5LA
gZBv2-Ft_lQ
QeCCj5rtAqw
XIdr24jQtGI
gauUb1d_mTQ
NNDvhFbMD0s
gT9TjnyD-GE
IMgbOVwjSGk
MB0yDMQj1lU
ilBNMg0NkBY
_FPWAnjhRNc
DPfo2j0Y25s
BuvSFE5ENq8
dI-JW2UIAG0
egLVsHxlQVg
Crwe3US6H10
l_9EuEC2f6A
da5F5hmLJ0Q
JTHm9-usNT8
eAmugyRnyIU
fZh82-WcCuo
XeywuBSH1DQ
K_S_vcf_sqs
TTrE3qD_tMU
gTbKBg_evqA
s6_1kv2IOoM
a08_00Kic9U
PvCQfpe7oXs
t3S_KnZIbHI
jS5nwtt8Ppg
-_PXVLnWtDM
GhsZUZmJvaM
4wr_tFWmGiw
MPkD6Ufovak
KGqI3oaMT2M
1IMJKMM2drM
0eEoP-tt0rE
7_e0CA_nhaE
sbl5P6kyX-w
4SvPfedMbCk
-vooOAm6CLU
Etyv1ncrgnk
w_2zaxMyoO8
epVlp7itOvA
PBHTVODrivM
uFo5zsB3Jrw
1hXkbjTd1O0
urASuiB_uvg
nb4UGT23aMg
gdVvNLwXLio
Q2E2hu7gbGI
lYMv8AnSrAM
Jj9NwlPq2qE
oMIU5McLW-0
NoKi15Cn_-I
gSfCOZftEqw
3ZJfVzpoKp4
XwPapD5p8q0
DLjzI5dX8jc
1yoOVGu5GTI
_pU9nYa8p04
Nr6DHQsLVqI
0svuPzR56E8
hpTdN4cWJUc
75jiDSA_b00
ubbTfzGpNe4
rPwg9hOlK_g
2jeqBJV8dCk
aTqtGIzC_Is
7ns-Pf-SaWY
YinL4dfVwSI
u3EMRmmRigs
KtzBMusivnE
-mL-NVWZ0JQ
LHn1QnBqQq8
oAnhDpZvEwE
ZlGckW68r-M
r8QKh_E1C6I
Jx-41JjGfhU
y68M995pDuI
W_bv8p-aC_8
dCXkaQa53QQ
azbSzuJ4L2k
yvG25b23vqE
R2Fa2DxFHxM
9jKCERMa_-0
QDfRM-JcfE4
jg5HQAm_CTs
PXFtQvPbZv0
ks_ErriAxh4
zDdKFVxO2rI
yOe6HI63dvk
0uqZZUoZMoE
F8RZDPEEzFQ
_V-Z3W49swA
dN7IrKzBFiE
0lb2LRam5js
4v6AkogI00M
_zxHPM8YZt4
Z2EN4ZJeFR8
o0dYRzPVVY4
YBEh5d0Ys3g
A7hg4iCUjbI
rPHdCfnFq8I
BhYt9k18o6c
ImBtUpXhi2c
0irKV1spZYc
3yyno9AYrx8
TiL6Yu5i70s
e-lZa4qgxmM
IUPxy9GleI0
FbvRA_dNZQo
J-w672d790c
wSbnIYEr55Q
rqhYb8-r2j0
9wRknbX8d-M
qCKxLGbBL2E
Cc3hbq6nOc4
pjLiG1OW0tE
ghOVq19Ttyk
b69XRMslFU4
0lY2HbSEufQ
MgsnMz_Eo9w
KXAMAgus8jU
X5hifnP1GQI
RkZRQqwI5wA
vhP4Efy-d0I
ivUDg50UMDU
LgIJ-JoCXMw
Rb10bfzwASE
sqiIaCgs7og
9UyUsklQm_s
XffbdFh7CZ0
Vxz6nNqpDCk
uuumv_LJnYw
Ao4jwLwT36M
DjcS1kRkc6M
fYhT2-Bfm6s
2RLLR6scZOw
rI_wY8wLoY4
oyy4ovu7zrY
FAgoJNkpPkg
YpXubU4UvDU
MUUa73AKuDM
xjr5vH3beL0
gWYODOjk6Eg
iaG5SO9Vkl4
TQsHZPxE9eA
dq5D9CkGos4
mnFOh6NcdaU
N81zvLtdM6w
ZwEmyWPSltI
gudARWcXXAA
VAsCxX4LIl0
mcMi_no30fg
GkQ49J_5Sd4
F4UGeKGe1Ao
rmXXowoZVFc
gtkzEfh9YZg
33QdRiTQ92o
s6AT2vHenJM
PiD6b46GXLQ
xMtf4BmQAr4
r0HjpkWqZNs
tP8phi1L3MU
bYb3bfA6_sQ
VLNgdQRDszU
n4k1Bfb-a7c
pXnLmcXzbL0
mAxD9eT5ptc
4Vi3qoyqdGs
8PtJfZ2tFUM
2_hg1CeW-No
yaEcOi_KRdA
lx6cm1rNDLM
g7ygAhdVZCY
1vdIkFwLwr8
jTPBcE0Y_d4
DT-18VxbSd4
XDme-1Z9gb8
pZG9JUPkdXs
gA_ubH7pcKU
u-6bppC1eNg
dp17EpTJ7KQ
eFulTTaPP2E
V9z7FTRRK-U
Xr4yon0x3R8
K8Xj8qeqS58
wMf4ZoAA4nI
r8xfzeD0ZK4
rervzX0LIrk
jaiPrvjR1dQ
uSzQPAzOoYg
qRlB294kWxg
OAfFKZX0KtE
hoE0ZXM66jg
qnOoDE9rj6w
pVXeAsIj4tA
DRf3lgfhevs
9M_LAriw0bM
4gibcRfp4zA
B-Y5r3DOGvE
h6fcK_fRYaI
K8bTuSHGd0c
8tcmPD03l2c
y4HH3TJ9eJM
c_HOrrtGtZA
8EDULjLtiHk
-5h46vWuGLE
7qa7iVbKUhY
50RaeYLEODs
NF4IQ-sr7vs
aN7KqSs8O0c
Ca2AUapik_4
E2mTnEbU1SU
MGcWuterq6s
AFlxjy-T2og
qA0LGEMsKFU
A6NcPrm4g74
QNLGfIlsaFk
a7fL6wbFizU
qmkaGCB3ltA
IquufaqHoGc
gSfl_aCfmMI
qD6m1TUrfG8
IEngxwOEJcQ
62gQnaEtweE
EfZaGUlI-Io
n6gjYLOHSqA
79NSdnxToPo
gWwQSQW3YCI
7vqxkG0Ag2c
J8rkBxMPsiw
LP22Qfec_44
3rMr0YLjjZI
OtdqAycPSAo
sFCcrAzoedU
fGtHkgOPASo
UV4p2LZ0cfU
fi-D4Iu_d5g
-XmFK5ka4po
oBHtyHizeKY
gaXor3ccqfY
khZmte3mREY
4ag4T81FHa4
jJIi26tpdBU
KhPczErIjm0
g2vAVMb2PWk
dNsjGSVtPpg
rOrF2VR10fk
lWadqq2-gng
YG8OcnI054c
KGKsYZC5Se4
8nOVovjeLAs
qk7WMXKR8Hg
uaBOF4HCQpc
9kp0yUA-KgQ
JN3uU88eXK4
5C4qIFjBhNM
bW4eDPxjI1A
AG4HP-A9TlY
Npj0rgV7NBs
6n3wxgZgj0I
ixobPKj4-o8
__KXrgfh7QA
HM0mB-_rR4Q
4Yo8Lh8G8Jk
NMeMpp-MxWU
jv8iJyyLm_E
zzkaLP9EkIA
pyo_SyUq5pQ
mnFKUZfnFnM
InvbQPhopB4
xGqSdskLiM4
fljGopzlmqo
EaUvBfPGNjM
KRgjAfj0MCA
avuPusPdJZw
Xbv5enq9n1s
6wLzkYnTPPI
UWuzgOc0xDU
blFVNb6BiMU
Av4SocIQ0Iw
mNMHc2JQ99M
yrKJ5kv07Ak
0HnIfAueXxU
NUcZTkrdLZw
6eDsAAkH7Mg
gHoa2CJPowE
6hmdmYRYt9A
_xDIm_IpyxY
wydnEhxHQxA
cXj0mKghP4I
4maRo8D_IvE
dkvxD66BCAc
X8CvVazI0zg
pT19VwBAqKA
pP_zIJSp3WA
LBLl5i0fdEY
x4klPJSX1kw
e_lhfFKF-G0
FvTCdtRA1Y8
T0vnFIpAQRk
EHl6QdbwgCk
pe83T9hISoY
mlJAkIvWEHw
FMg1xInEwcM
r-BTN8Ajs04
6-yI9pZ0-tc
2nVSWTovVLY
p4XdHKZAUGk
veSluyb3AHI
tOO0Oa_4AhU
iJVkVVORGS4
clx7fwK3XxE
AU-rPS50l2M
_DkKGrpCVaA
52XJjl7UfVM
j2teS6r8Vhk
fZGzT7qGDiA
PaErPyEnDvk
H5MZwlc23B8
a8FomMafluw
66KEVC8Y4y4
qmgAA8yjQQU
WyzYwu8tnG8
3Pr93XHJTCM
U_SWaVsCzWw
o2uBXyrHVeE
s4Qgynz74uA
4obeYEfWnlY
TgZ8w7ku5hg
IpcfAoq0boU
RzPRZ5P5gBI
UMMhF85FmTw
0gGq0l5erYU
oYikRgFFeTk
eWN_lN1lO3I
EDTAtqlfGOc
Cs-VXQRZrwo
LeZebfd7MDQ
nUevZBn5GEY
BrxhUXrXE5s
9vmQiGb3Vok
6sAVmP5k5zI
4j5qtOldG6o
QwOA8KkBinI
EZf-_1flw9c
B8YKXO3iWSM
FWV3eC3Dr1Y
wxsh3dzbPsc
DKmBRl8j3Ak
eYg1HoYxsiU
zBtovkCSXvI
Vd6Ofhfh6qk
P0JIU7OnvSM
EkB1c1ejTss
TrpVtVyEf8Q
uyzTCFDprg4
6XEBe1hvN3A
uVZbvW6kgBw
1VPfZ_XzisU
Ses25QbQLBU
uotUhhEMFt4
vb4ZB-zrfgw
tsLEf1Uwb5o
HMgQUktf3a4
YM5KG87vhlA
Hzt843k8iYA
kleYwViHMO8
SZpvBWQGWa0
uwewRUcVKnQ
KG4s6ufyRlY
px8M3W2Xgg8
9bFZRZuq_yI
Qm-cOVGNfH0
bbilEH4wcMk
9fHseYauAM0
DylbtRqj2rk
11lwuut8Qco
HTXVciyISXk
STJP03OoA4g
eLEo4OQ-cuQ
GRV4jlarsJI
y7MHp09cQ7s
FE9ko2wtyeQ
B0nw36nmc0w
5GuHM7AnCg4
BevY6NeMYtM
8voy8L_4kJ8
wTkQwV3KGL4
7i2xGpmi7wM
d4h-o-rUesU
eKhg-dNhDsA
vQCpsatpTDw
qNFsfiieEcE
h7R4gQOQMH4
MCqbtj9ol9g
n-kJVJB3pyE
bSaF-JBEmIk
wUO8VofXJeM
E2IWfF7QDng
TIRMtNOytRI
r_bwv-nN6vc
YebKnMeu8BI
IVE4Zef9jqA
R1nxM3YF1iQ
EiUUFdUFyIU
tx8xS_tdlRY
EIRmEG50jK8
htk3uTGP4F0
9Sy-H0K05EI
Sz86ICkmfeY
B482pjQJqoc
Q3aBTJIanDo
rnxwMpJQoCE
3X6_CKwXtfA
1Gn5r8wVWgU
ZLiHa9PorXc
Utn5gRqwKiE
UxCY9BcbhPU
WLIObadp5dA
e5AvhKPtPCU
SIsq7Z7xSOk
AEc6DVcJJlM
3JoDLcWVasU
jqcbr-94i5Y
2wG_Dl0q-7o
XddEXUgp-uM
7aU9oyyrxbg
zcEl4_XP4fs
Af5GdxeIh-8
-spo9m5wlIw
sqe39So2aRw
0Iu8Yla1FTU
QxKyJQ34L3o
NfMtONBK8dY
7D_su5nT-n4
rEf4JJWTAh8
CQs3_FKA_oc
_1JYZgmQGRs
uusGtvhQlXk
f4wD8Au5MzA
DcKy4-U5A58
70Z703Opdw4
RRoeCEyrQdw
0UnFN7yyMaA
04g3h7044XE
wAkoLTCpiHI
ntCoQEh5GRg
5aHlR_TyyhQ
45U7DlrneDw
Q4mLKRCL2z8
uSCF6JNW4oE
jHLfMXvQqX8
yagXibrWwQc
SDohKBfA83g
yTLk4rOwwEk
VgPw8yF5Vno
P84lpJi6urc
KXLXR0y5aOY
qNkweaSNyUA
0YAI0K3T-Yw
czB86T0-rQk
sOpMrVnjYeY
DPOVDObKFtk
SZaPdQaVk8Y
cqECNYmM23A
tlQQM_78UZY
Lh0x54GC1sw
sSDIBx1wjhQ
znWQ69QOqS0
UEn9NV5sPXM
0zhLhE5EwBA
nlCQG2rg4sw
LO55RKrKQXs
ApZxwSaB6Uc
jzKPgXyCNz0
oqXsezMVSog
RDP0gLehTDw
jEMuuU4I8b4
lgEE4kShSzA
F1eRv9v29gQ
8lhxIOAfDss
EcmJDTjF6Yo
F-RL3Tauszw
0E1QMwGxA9E
smnGd-_C6lw
EUSBSnFhj7s
BJ6zJuFiYbA
1I-lWhGm9bs
88Ohd4jCBtk
ttSDSPu_vQs
vVEh_tA1W5w
xrJYSlKiWAE
aVuBZXXXTNE
zWz4K-2FJj8
dMLLn1eqtKQ
yv1KkDBpXrk
EkepM6uTOv4
eSN6s39zQfM
tWFzffw0_sQ
MDP_Nh99tpo
LUo_RAMmtXA
rAy0Bmg2TiQ
RebEK5sdjFU
aSvSFMvYFfo
TiJn9D6lZ-Y
cjc-6oGcgFI
lxvN-twqBI0
cexj0y574sI
ecAzQDtamXY
bJbQ_yRFB-k
W4fQ1FytVUk
-2uiwvCdMkU
ThwuT3_AG6w
a8J3U-GNibg
ztxXZMnEHHw
33UMkPe93Ko
Oy8Kz25tqxM
oJWiqhMnGlQ
KVcHmrA4AGA
NXX0SEYjzjo
jv-daraEJu8
p84UNzrbz7M
miNPFiL219w
iE86owR9sWo
iXCn6VRQifM
s0BzAmFNi7E
8GVriWfN7Io
yd3H_gN9z4w
WorW5pS5tbY
Rt7uJJg-6p8
pl3VCVzbjEI
mEgSRsvROfM
R6k26siXuBc
GtLzErRhMA4
emKnnhJ3giE
uyZ2pjFvzdE
OHTLcbw0kbQ
v9p-AKyOrag
gelvUMHnH1k
xzimLFn-8B8
3IT8ZeQ9I7U
46DasXi2_Rk
EK32jo7i5LQ
r__GZ7ubU0M
LGYqOP6wExE
yNKaF9xbAxk
WeDLapcIyjE
c63DkvDFhHo
Z-yQ7AuLHUg
tn7U7naQaBc
eMJbccpFMe4
AJwqJSWqakg
0UZ8fiBOhzs
dOVDh-FB38c
_K8pt8rmCtw
GTMEiiH9eP0
GSNpabEVJMc
Eldywk__eag
yQefEOD-RVw
kWEi6Z--YCo
1MVFW5HJ0_E
dJthuS2k9M0
FxTPRhENd-0
8d-uKOQUwhM
SbK3Uzxkd9g
o2hSwPrRkwQ
oqHq1Iv1CkE
ZOwxXbHT1kE
9W0Vxa6eqjA
wO1Oyem5uQg
tfNw2tk6rwc
CCVkgw_o9cA
2eInjsmzIKk
FMfnc6xri68
oDjYYaV_Y10
gOKEIbfF4XQ
U6E4hGLkiN4
u6wFSq2Ayd0
KKmtqk90xdA
EYnWeAu7tK4
LIxATYAG1eY
QkC9ZiRcPbo
VSD2ne9S7J8
kUw7ZcdnlfQ
H9tCvChd7Hc
YuvxhGN1RrA
Ywb-nW0FsGw
psmwL_g6Zrs
72WljlhoLbU
pWgCqidDSvQ
5iPH-br_eJQ
M4-L8UgPkOk
5kph0vDF2RU
ogCtU6PBMKQ
02U7GbDh9qs
f4dCyPvpMio
VFNaom8hkHM
-dfgrdUKcVo
Vi3cNakmQ8M
C8JyvzU0CXU
F9Il2Q0mCDI
eBW0L5cRc0c
O_ykWWQL5mo
FMYNaEboXMk
VoYP2mch_ZQ
vYZXdrJrwQ4
Va5T2KcYiOw
cVen6tQgBfI
JUJTTEt6wKk
uTRDNNM7iLA
IoNe7QMumaM
VUFMm3ZynAs
RLTa1RMrxK8
5AUypv5BNbI
G8K67TF9g6A
T0r28sOQKjo
dB6Q3REyeD0
Usf9F7uTGh4
8kJlWCg-k7s
FmREsyszAac
BkRcsWLZ8Fg
JapEoL9FfSI
3ApfBENuzFM
Bt2jZtkiwwY
AvMtKo9f9Fw
y5d5yn-e_pc
hxVukfCPU0k
4v_keMNROv4
u_RKMpqX7SE
MZnlL8uCCU0
KBiFTitPdhE
E3eItFpHye8
skjwZdr5HiY
d4yRn4UH2-0
LyKe5E-B5AM
yA71KGXx12k
ce-hO_J6PNc
JpWO2FL0dSs
u3Ldg-N3YCw
U07PHtTdR3Q
NoChroQIA10
1wIwTRyNC-M
VL5UzJfaLwI
v_8MGAGWwzU
bH9TqJtMmT8
w3kTaCDlg5Q
-6lZL-HheLU
NT1efPoZ0wc
oUbB7uIRMsM
qEa_qDUj6Mw
4tKfy_Upgtg
6Obhd4CdXas
tgYyE7OAn5M
5oHbqeLDlLY
0uQbPFUirUM
I5luuJu1VsY
06zdYdIrVkk
gQddtTdmG_8
9cViVoFUpqA
PfKoBXbDQ10
fRN4jawPjBw
bgA9G3F1OPA
aIs0vrHkZvM
PrMNEIw7wR0
XO4o0OL_c1I
P1NqRK8ZAkc
V5oj6K-365s
QBh8BqTnkwQ
_DfQtbYT7Jw
uhp43wr-DiA
cn3MM3nlZRo
-PWMQR59M68
8GmdtXWq9Dk
B3YIeJyoGz0
7bsuXsxX950
5Q_6--XsIgA
bDHo-0loaiA
XE3HJZRQ230
b34al8YmQSA
dvovtbLGaUw
HauiF_AQUIY
VGJLKhsLx18
bRFifzL-ms4
zzdcND8RjpE
xesv7RIIHRk
jNGGGh_3D7U
7NQTJDHqxxE
gXfWchLYurA
fzBRYsiyxjI
zDujFhvgUzI
LLO9WxVO9s8
IJ-7H5GCNp0
j8umNI8gtlA
lEnE6IhSKoU
UYqMnOGv84Y
8GCzV7JUXIM
JXVnTDtm1s0
5qwi5yW_cpk
_ZbjjZNOgBo
rGXq7leoMFc
VMycOhwjhQg
9VspveUvCg0
g6KGDvI4VdY
tL-YfTc5Awg
P_maZiPs2qc
oqgsZ7mNsWk
7M7lQyZuxL8
yhqed_I5Yq4
U9wRFqafu-g
mBSHLPhbsLs
UaH6Ah9R1Mw
rCcyfR9GblQ
oOR6QFk9zeA
-Elq8f0X1g8
WXk8LcaP4hA
lcgT9uIxAEU
bk9KOXXM39I
GX4fXGlX_v8
2b70HeGkogs
-WuHkW9XPfc
gXbdJQKhNsY
XbSY4C_9VKo
oTqX6a8m_Tg
W3LYQvTyK1E
TlLPox-11VQ
EeTrW2w5Iyw
h8qArp3NFUo
sFdQeDSQs8E
mDFxtNzn4d8
hjJMzsoP8GA
tc76hJg6g30
__Rv9DroypM
n8S2baBNMtg
A3TJx3zAMrM
uIDM8eeJnv4
J87F1sOMUcU
xmahFBpHoHc
ZR3xQ7ouPew
iNqqOLscOBY
-dvT6SWdWUk
hm9XvPWtZ6Q
4Mz1vUiaQZc
gYXtExiXgIU
Hsb_ShC-yyQ
f9uZ0REjIjo
tt24Ubcgz2I
yppge-XoWLM
5oZV0Zhi-tk
qh7l84ssuTM
zqcoPrvXSqg
zq_Dx_ED0J8
Q9J26vBaMMY
HbPnZsoLHyA
lfAhup-fDYs
eHZHlbdOp9s
vgks_1Gml7k
liniXxu3mIg
P7SD0AZJiJ0
R_JtYexMLWc
FGdujW2JSxI
m-nQ1-G1JMU
z6RwuRZPeHc
kxvQ3Wyw2M4
F0UjC6wfqmc
zVkfEV9ANSk
cp372wDBSvo
gkJxIj9bUYQ
xz23ubZ6e0I
uq74bEO0NOk
Fv1JJ227CQk
m4ErHic6gcA
RbcGkpwnUSc
KToAoxrAl10
WlmZQwX8zIo
9GV4QmQWJGU
DG5j1HsWAOg
YCJ_i3Ll6SA
2kOZYqZ-SYg
j6m9Iodx_l0
YgZRuf76jb8
D9ctUJ9uqaE
c2kPkqVRLIo
87Gd_E_TNCI
uTxRF5ag27A
1nkhelaMaIA
SHg8c-6xKNI
LeqETh_bd0s
B2M59EXy1Xg
IILzgi4v9sg
MV_P4buYnv4
33ZNQpW-fr4
G5zCGY0tkq8
LlZWqkCMdfk
ez5YbJmxcds
f1lKuLi7yLk
IwHhlQk3NlU
6gO7U1O65SY
r7AzRp9bYp4
ZQds2aGHwDA
Ygmg5WJwYTc
fjIhFzTUB9I
q0zbFRPL9LA
0kRiCA2Z1cY
w2E2Ni1YS1Q
uDgENBsymQk
udFxKZRyQt4
I8iLR2xRNKY
mxWdH_iCat0
oBY_WRI3b-s
pnWkj6Caelc
5An1sNznblQ
PosRteenGvQ
LhTSD7a013I
pIDuv0Ta0XQ
CkwAkOUvm2w
uiQWSZF9ktg
gn1M6wSXDn0
H0HxAcQS7Mo
wKm2onP0lXU
kOfXwml6ce4
OPW1cDC_jT8
Dnj0rnlV2aA
U5IeQ2ouN3M
AfSSZDfulRE
smK9dgdTl40
uom9TsRWrNM
8Xl4N7TtkrU
ErPRCFxJ93I
LI69afSwmCo
D_8JoUy1XoU
bxpc9Pp5pZM
GeMKb0R3Ul4
R29PmH9eGKM
4dJHmd3JuyA
lVsZD2wF1vw
5vYua8gtwM4
PCuyCJocJWg
T_HAivmVOXM
bQnnBU-ZbOo
CdX25qpedKI
eYvtdPMd7VY
4Ei7MQjRK0U
9OmE4jEVIfQ
8fkN2faDFg0
Qt4lliKBjRw
3r2OOUc0AxA
qT7AHJMKON0
LfRHpEY62r0
eR99-PDZqTg
1soLVufJWLU
qdpxt7BecZE
nLs2X9NSb_Q
rMuwPLzPHKY
cEKKwz0-ufQ
wwRCVBmqU6U
J160xs0UCfo
dqwpQarrDwk
wcoGEY-tL8c
X9cBFNbihFU
wIJL-UoDGyk
_hNMfVIsyIc
VBNTAtpf_d4
4bezl5gXAcg
ZMZjmALA42k
tet243Kb-yk
a4V6OvHRy9o
Il8djBTxESE
Iam_tc8TA7k
_KCCHX086ss
igbZibyhqI4
w488lNVzYVo
apsL6mRtH1Q
Ys3_oFzS7t4
-vQQq07whZY
mtBKfJg0wQU
ZtXkIhywQV4
pStCn6QOSFI
HkVe2OhZ3NA
G9gfW78EgYA
ZzJ0CvBTN0E
2kLX5oTx-iU
ux7Dd9wGETs
eVgxckzr-z0
MoBKox2Y9NI
bCa7Wx8YfV4
UI9Sxggj0G4
QMz1ANPgZpo
hVrr1Uob6nQ
LkWqGiIcG8A
7_voGMLalZU
UiGQiQgkIJc
iOiV7o4hako
AxrSFlPMP5I
Pm9CQn07OjU
QRt7LjqJ45k
fDek6cYijxI
K-Fc08X56R0
J2U9Hmmpqhc
U_85TaXbeIo
HZGCoVF3YvM
Agbh95KyWxY
DBqBH1wejbw
ADHXQFLHOmo
6z9_yvJZhvw
rXBK7FeujNo
Ipmixpa05d0
v3y8AIEX_dU
NMo3nZHVrZ4
WPPPFqsECz0
2WLYukAH-eY
1t4dOPxKgrY
eKjBiy0OPkY
ZD0jXucHXUQ
528Jc3q86F8
BGrKKrsIpQw
8ryt45ShyYI
bq7d_MKuTBM
m03VWLCweZI
p9Xrm9c00wM
1DO4xLVfGnc
52ULQSevOJA
PYylPRX6z4Q
ZUCenKvOzhI
3C5z8SVzUb4
DAwG4h8NQgI
-vrUmQpvsQA
gcVR2OVxPYw
Q_F9CxSmGOM
ozIKwGt38LQ
M2w3NZzPwOM
nrXhK3Gh5EE
c6Eq2sI1NDY
tQyFOWUM9BY
YfBbJTyssps
uYRTeY5NiSc
XVznSx9eAC0
qbR0AnQjkwQ
oZ6GSbJu9D8
Id6cQ4Prpuc
rDQdHFTJvoo
3aFE16TDgSw
7dXfHoguGj0
qeVPbTD0EEY
NgU8qFj-_pY
XqvOIG4fJWA
ArA5_4BDreY
HwyXo6T7jC4
sZlzYzyREAI
sbXgZg9JmkI
-aoAGdYXp_4
vfptpA0Cp6A
1O7kv-D8yuU
-AaQ7hFNSM4
4AkRhakiBYM
YN3_G5jDv3Y
hcG5IBHrvYo
8yZw4wxvnVQ
IvFPj0RQKxM
-SA5zuVqYHY
VryPxPKfZpQ
dqMYWldfs_k
lEf1DGnvK_M
wQV1Ao5SbY4
BP6Mrjj1h64
DnOGtxZhBQo
Hw67Hus6gIY
mXi7P8hrN4w
CIYA6Jwwp4s
kkNGdzo_3EA
J21-7AsUcgM
v2eul2PIFpY
-RXyzNWOf_Y
UwwBG-MbniY
ao3UoceiL2w
UGjOXr2zmKA
q7ndp7cNXFw
jfd8eDWslj0
T3rCQ-VnQv0
owGn_BS--Hs
5vYtNkBa-Cc
KB8hfskJ0lE
prO5LPWTM4I
mhrkdHshb3E
4zrU54VIK6k
Te-wBOnOV2c
BuQ2AWIjemE
pVR24qqwCrk
1F7GFS-d_as
an0RFLzJ5Yo
NNhrzeHLMG8
8VbYGzX1z5I
8AZ4FyPB4Mg
I_TSFbdJ_9w
waqhyLGw_oo
rut6fr28TlE
OJQepiqSWvg
HfsBtxuWPbI
IEazVw7Vcdc
b6f5m6LBneg
X8OC5wMxiC4
gNHCxH35wYU
qHVh3xJDTXA
TPxuZ5rt8sc
gXS0OGuhBkw
WbLQqPw_n88
G1zX7bIs6nw
GwzyILks3ZQ
eHZQnb-qptg
eW-skmBAqtk
X1HJD6u0HXk
cDA09_DyTD8
85aFTVijEc8
6YfRgI0xrfI
XWXMlnCnK5g
2Bx0WWeKmMc
j8OY3BzBbds
nkWmiNRPU-c
oakWgLqCwUc
n7lYxXrzbjk
IqOuVVSM2Wo
h2SscdSVzE8
WE5bkpPBzoY
BLeL7hPHFf8
XQetzL1kzg4
VNqq5TqFDcw
hL-AlyBjjhY
0S-K7lPQsZ0
kI5j2b7ZtXw
oA--jACvFZk
_Wu4-_vXAEg
FdrVcRO4dIA
ZpBQuUxPyIQ
6gddK-cOxYc
z73fyT-9M3c
hKQ8TbOI9GM
1KmBDCiL7MU
uNDTtENd7Ho
_4VgQo-bAnY
U4sEEPf2htk
ovJcsL7vyrk
8mSrfQKX9sA
LW59lMvxmY4
__JSKvb_Ot8
qL8gU95AyKc
EIMaKdqK0wU
31rU-VzF5ww
Wje3i004O9o
n0dKBBSCGDw
0fzHnVRpcsk
uKIk5AL16Bg
4CL80OSAIo0
BEJOZnnYmDM
fYg01d9eaVg
rI4FcD4ov3E
lm6oFwYgAU8
JBdMWnrI3fM
f9qNXV01yzg
8Mug8KhV1VI
0Pm7_3a4SEc
qRr1KRKVeh8
XegywIORbLA
2xl56IJGKwY
Dv7-75a9Tg0
SOEHWbl3KFc
vRclaJB3mAo
LnskRCKUURg
17IgCIT0W7w
T8L9GFY_-8k
K3B8fIdixo0
oZzDpW52D0Y
E_3cPfLpOZI
EZ_ccjtD1GA
whG4lrZNJb8
OoVeVnTCSVI
LSxW-pHkBRE
dDtZLm7HIJs
Nb2tebYAaOA
5rT5L1LkJrA
C-n8Cgjj4hE
oWlz1gCloVc
rnfAVasBkQc
PLVCscCY4xI
qv7GTlbJ12o
EHp4FPyajKQ
EmNQuK-E0kI
wj8J44OChV8
Q67NeMp_BDo
-Mnw2FCwyGY
DfK83xEtJ_k
qJuhi6zn1ZY
fUg08CPti08
JzPFeGjPEhE
ymcOLL2qEg8
pljGU-7_HPw
yLxjgaHBAPY
wroT2vw_NeY
Ox-Iw_JDP0g
8lrR20KLIPk
ZJoccjJ5KYw
M3Nmrw0epcQ
aI9g0vSB-aE
c01BlUDIlK4
HVo9wA35Aio
Da4HklEGHsk
RUnCVFhN1fU
XVmzto7BPsQ
GdkntsTcFig
xVBMe_2d12I
tliOa1ZZdIc
sAieBhipM7A
oiEW1mgPzj8
1CSeY10zbqo
b2V3IGAz6sQ
kbIGrJl_B24
8hGdByFv8MY
nrMDA8IT8wY
xTsoAeVIWRU
um7Bcg6-lmk
X7jUGl8kgJA
4iXtulVubmM
G_UYXzGuqvM
RWJLxbVkJvA
8ipcUreE9QQ
vRj8ZerWGcw
J43oXi0Yuyg
VYUe5jg_9p8
wy-EoU2_E6I
bQa7hpUpMzM
4ydQCyW9QIY
B-TOUPXytw4
RSTvKz2T46g
3xXPMhirWo0
SxtWTRCJZu0
BgBh4Pb9Z4Q
Z2327RSJpxw
4l-glmnVVFs
dmPvGi4s9bg
Ow25mjFjSmg
BnUTlDvjT5k
1ciQkj_7cog
ufQaHouDvDk
uFk0mgljtns
7bLeQFhPwzk
M6wBnbukhQw
04lALrc5p1M
mEmEvJN7fJw
i_wrxBdXTgM
xBjQVxVxOxc
FY3zTUaykVo
oO8_2JJV0B4
yl8vPW5hydQ
NynJ7eD4ZFo
8xeX62mLcf8
5WAhJdiVmiQ
dbenQOUHbEM
Zc9Xk99gCr4
l9ltXKE8v0g
uX5t8EivCaM
L0b0GSUpGsE
va0YXupwgZM
Pl2Pxtv-LGQ
2_avsU0OrOk
Y_rH0L9r7wM
GhGZhJaLACk
JKmOGax1zFs
nK9pzRevsHQ
PmtYaeWic6w
XrKWSoI3Y50
9jEfinv4Iu8
FGhj3CGxl8I
wKw1tpN7NVE
ii7dwIfgwWg
tJbGzfTtjms
EqrQ5KQMjy4
pYJEFy413lc
0jspaMLxBig
Fl9q7TATyI0
yUcmfIo_b2g
kxNTIsXC57I
BOiUT3suly0
vXFNi4bk1D4
FkZiRhVyCuE
JpxSuqAJieI
nv5IssdCzsM
1k37OcjH7BM
zxEGzSYDdMg
JVkoqzEhzrk
BSLRej90FDA
Nn0xB-G034k
V-8cx-vQZZQ
zKTteTpLR9c
zQMqvvm07zY
6UxkaqBrpXI
aqvljkUMe40
kR9cs8VC9ok
S7AErsFQzaM
wuJa1lnv_TQ
Dd5Pw9d7hXg
Bz1QQcXxvic
wGDvJ1NuZMI
Ug9vGRVas2Q
0KSzBT_XxJ4
NKwj27FnsDY
xZpLWxwHGWE
U6HeGsln6kI
jUsmkF-wXuw
cZJ6ZoAfsPY
lSaEVOjroWg
EYIKy_FM9x0
25G4BcioPjE
z9VRsAdyc-s
HWPffhE5PgU
3NeJit1Zh_M
AQUAPiHahVY
osGhFgcXBGU
-P4UUpGgTZc
mvxqS6AE43k
XwK9KpaRzUM
YNOF5krBa9U
Elt0Gt9Cb6Q
E1AxVXt2Gv4
vP4Ehv0sSTc
jUuQvotiXjM
sGSs5g2wjmQ
bVPs66iOzSw
CeoWRv1Yuns
M3x5Z3iIoSU
p8oqDwb4zj8
4EPTHUDaeQo
DCjeM3Sei-s
MixC1Nk_hqo
n-yTad_Ht6g
mnDx7GDT7Pc
B2n1zDXEYOs
IHr1cXj6vMc
Uez8z99efwg
fsz6x1ZiWHs
nupKPboSjrU
LPbBCMKjmWs
FLihdMIrQ-I
xiH93rjONp8
dKPiWE-H36A
1AElONvi9WQ
c2YHEVE0ZDk
f7tUk6y5T28
o0fG_lnVhHw
31LfSOLGtUI
gacGuWjqKco
DKyzcbNr8WE
GFB0o1QQyLw
omI0MrTWiMU
uinjTUA41gk
KrdZ46MfNrM
PTpoj4f25dk
7wZbsAzNt1o
NZzQQ1090wc
mx8ZDMb5MBg
dPaHNTnN0eE
qQ78NHt-LAA
cf9iUkjz3_o
L9KRA_pEF_E
MFTEuxhMkUQ
TBV-WdbQE-A
y_mKYM8pNW8
F-wBgsf8jWY
EPpnPoLDB_Y
l5Uw8qG7vZU
s9W5x3SMBH4
-wOdL7HFNOs
fhdW8Q6FMSw
3Y9mzVITF7M
gU-mkuMU428
uzNuVPiiwJk
zsVRU67XUzc
TNgE1lWdASI
CMPAPBnBkRc
xXwi41Uksy0
gwhatXRJbNM
7tCNu4CnjVc
RuSDbIcFgbo
H__hMaR7Ryw
EMSAswXKrQk
RtMKdAyi0YQ
7jFdxd1qX2g
upHfRkv1FPs
pbMFs8eeZGA
kTXTPe3wahc
-c_IJXvbElk
Iif96DchxXo
1MkcWK2PnsU
w2sfosrbcxw
ApVFK3FjgMI
9arevpoH-4g
zXikxicfbQ0
5og0RJRpy9I
-TnB4H-URfk
ZX2H0PH1I7U
WgLo4gmEraU
N4f5P8wp4T4
Kas0tIxDvrg
-NqvTESN6wI
0FZxIJkkPEE
u7po8BKmq9s
TcFLQvz5uEg
ehA0yvnd38k
Oo72-BtYc24
Qn1KLhJEc7M
uYdU9SgN85s
Wskc89LLyyI
kAssidjwSP4
EvSObcZBvfM
O8FJSjy3bXA
ghKaL_sd_gM
omdwtYl7KZY
fPkUE-6svVU
xwE0ldRtwGA
_EFXlx8yNGo
EbL9OFlxwV8
kj9xR6H8T-0
rwuNm8VNIRw
yyFPYOa7bA0
x5BJLS55Obo
9n2nsPwhXXc
67cay5cTJaQ
E9vIUtXa9ug
8bt6r6CIghw
IbHgcbo8uKc
NW7VUFgwqg8
a7qaRwSmRoE
pgzWxOtk1zg
6DmV7o8Qwp4
6Q3tMw7t8pE
wvHU0zvvUOs
D296lTRUxwI
QpOS5LrZXBg
k8_SbVg5Ris
58xXl597B_4
BkEOqjZ6qdg
Op7gvU16cc4
9Uwee0DD0AI
hWu2YMrEkq0
6Npxz3POAQM
ZGoa1LajFW4
KgGrrp6RcYo
sDjeY1jI2Z8
7guOS-Eg40o
KO90EbHD8AI
DuljPhX5jLo
kAGIeuLm5Ag
A6JXNZQwoYE
JVuS4IS2Kvs
m_Xq9xL06zc
8idr1WZ1A7Q
NCJdoDmFlCM
3OlRhuNX_K0
1DCDlvvNxy8
BMvgOjGPXyw
9oDaRS_rUko
tnk2e4awL4s
mrbk2pkgAQ8
ijcAwrWMi0g
bZDtMIbQZlw
09hWCkA2mNg
KA5VdzRHh-U
ehyHfH-fSrM
KwASrxT8CO8
I27_gx2VDSQ
FOydJat1W-0
3x1b_S6Qp2Q
K-BHavW7-nw
KdJVgZ7ivTE
G0V2GnENcQw
ASwVyfebu3E
zrUW14L_uqE
Ok0deVsq__g
YC0b1OvcCkE
9X_XywSQxG4
24G9GA1IhH8
QOE-YbDvAj8
pVGRtClsrCw
iAhiaOHCssI
KzsYbhU7LXk
TAg2FtInybE
geBQNOid_7A
I4sMhHbHYXM
Fu4E5GyPh6M
_ZlbwTkCtpo
0A1e8eceIsY
mKtsM2vv0DA
e_Kon3VXGQ8
6nMaKUNctJU
_VBAvGVbTbU
JOT2iI3_dik
p0KKBmfiVl0
9zmhDI7vcBg
BtN-goy9VOY
_ZR1Dw8ahHA
LAtBR_eQE-Q
pSuMstizU4I
y5_aKcTiUJ0
uODu5NTo8T4
HI09kat_GeI
iOCfIFBBpVY
8aaXZDazPxs
YAaJ6j1DNeg
uKVQERi83lM
koPg_DZUfOc
Y3Qjk8KdBU0
dJqo9wJSNsg
OFuL56Wa4Gs
EVEMSvGoafQ
cQ03v4d3QEo
87BiZFiycBQ
_TTNGq9djU4
rvsmNltlj0M
uqLcvKYl-Ms
YMuWM-ZSbgo
IuBIiivgdaE
nQR5yhEZI2Y
q53uqrQF6wY
Qplfd7AjDd4
5Xe9K2aCjQo
pSBr6QBnkiE
yKGddvmU0fA
VZhYHUiBtjo
IURKDadSNA4
XhEvqGkNnrw
KHHGmtCiW0o
AbKMNpYBCTc
1OyLtlh5OQE
Ym_t0LvHg-g
4TDyGTf5BWM
Cq-BJnpYAL0
ypGiIBhSyNQ
jAYTogd38m4
x_R-qzjZrKQ
HwzRZ3360nQ
5FgEOchiDiA
yy8RoDSdhIQ
FOgC4l7XBqA
4Tla-p-7Odc
PW1H3cuBrbA
zOvghmB3YEQ
tmZeNyQIUAI
1mtSNVdC7tM
r2u4MVoguAk
htmvLG3vbpc
mJSf2Clx6qY
mVg_l2Fbw6U
AeNSMJtKGc0
XRpKisty1EU
rfKiTGj-zeQ
RFMA0fAS4e0
IDApQVGTZVM
CF0Q4iozRIA
36qTU4hScco
soYkEqDp760
-Mv56KvWqdI
XixmnChysWo
RUKzGKvi8gI
aBf_Q7fEz3c
NcyYNj_Qhbg
qFmaSNP6_z4
IUvM2Hc6jtk
gxAaO2rsdIs
FIEewg701pM
54XLXg4fYsc
pUS5KTFsuwI
vx7DLImJ1Mw
VVpZyfjZiSU
7A6U6yfB0uo
Iy6he5RNXY0
LRVmfx4EWI0
2xiCVNwhrDU
3JXaWj17bEs
sYXYG_F1EK0
HTv3QWaDcdY
n4OOlpuew6g
BvWbJ8w98es
NvsI8ijW8xU
XypZGzWOO-U
_E9N3E456Ac
liVg8LCU6i4
ZjjFXaz1zz8
qbzq29hBukQ
8GELGHKsa-k
IiSKptK92S4
Pd0lvqmI6QA
HkaBsEZU8Pw
L93tdmkxvMg
WIRwsjRoiXI
Ij5xX7DwZ24
4iJs-Vd355k
AG6WEsLYtXg
T0vSppKLirM
HTpsh-zugOI
HVgBWSOPx0I
wKlK17aS2T4
I-XpxwHqc8g
vc1E5CfRfos
orMtwOz6Db0
Xu7UY1EpD2c
PZozMO3wWfo
pgNZE-YonYk
0QkByBugq_4
k6_-ddyEqWo
psmu_VAuiag
lkPYpw5-aYg
K_FUlo8BF9Y
Gg-AMV8CfUU
R2go2D82-Fg
mzn1a27C8r4
oEeBs8wC0JQ
dVzmh_-hV6c
mhkD5cMVGcA
5qjA8HPJl_0
Q-Y5xqDkC50
wfIskuBu_sw
c6NFuJMfmYU
8aVB5xgCllY
73-QuQwFFAY
iApK2UzeuyQ
fBV6Yb9kuxo
F6PhNnlb-14
mkGcGpB2GZg
od2mXm6ZJEw
XdQAjiuz2bI
INZh0J22nX8
AXuJ9jPVEBs
-VXmXM6NPVQ
4fIbWscIpc8
w_ot3WGJ5OM
b2tohiAsvR8
uPUEq8d73JI
T5L1g4LQWgE
21DIyCHGUME
7vLPefHYWpY
hXgqik6HXc0
fCbAafKLqC8
m2qrXl0g0OE
3GHYz51JmV0
FZAlCjHl8ok
Ckh7dydwc_8
QcGGbpJo-VI
e77NkSjnyH4
QL4hida6cWg
BA2BOT3A70w
5_xVp89GAy0
rjRKcF_vYAg
SP72pF1_Xgo
L45iFKOlWMg
aXPGXOsVaKc
Ae7YMelIt60
eNOl3sLzakM
ivtDKjRjby4
JLEg5SDPEOM
zZbDg24dfN0
D1YA10FBg2Q
UfMyp1wFgxE
dYH6c7ex7dw
Pzjona_oP4I
FkoQGCH6O28
-fCNQzkn7h0
3qtIp8joCE0
taMmc53vB7U
lYT-W9YZMJA
kWDKquR-L7Y
sGAtCS1NEdk
sbEj7M3aZIg
sZb64bZ07aE
FzK3oWMm4MY
aiY0qohHh3o
b2XXzcQhPvc
ZFQqaBQiVPU
ZoldpRoQ-a8
qoqxOgER4Z4
yEh4EEZ7S-w
7PCmi1KuZls
jdgnStuQvoE
qW361k3-BtU
CLVqCGokBco
6iTfS322Hjs
OJ0UtOdRh_I
-_JgzMDrwDc
QNkfEaS-ND8
gYpJFDLFVFI
fAEOLLGI_zA
fopo9E7UAVQ
geSDcollRos
otICfcRjDgI
NYOpmMND0i4
vseKJYzYI8I
wy_Eg3SoO_0
gm6uPk31gUI
5f-JlzBuUUU
ux1SP9B5lSQ
EkvooLr9mdw
Qauypve7zbY
T4gtBl1LV_A
b8kxdiskGzI
lu6MomFv23A
Vxoy6gl5wJM
zkudRy8b8JY
3RuPQ9VW_x8
5nZzcCp1dME
wt7Rw_-bf84
rk-6wHimbUs
p1UxKD8C_GA
P7Jd0iNSCQA
V91T6J4Sw58
XplFMDx9LlA
7tGA4SoHFgY
F1dJ9RAJ1YU
_Oh7nscyWrM
moMxk15nDQ0
JxCQPgKzRsw
B2hyJntAJNU
hhHkSXRfgK0
_Mbz3i8j2Kw
SD_VjqLiKtY
_HR4VvFPkpM
eJfX8b1UdEE
oLqrJOMScjU
vANfwm450dE
Lhh3q6jyPBs
ZA4JkHKZM50
x6YWpe9xHMg
vhYX1enHu0I
n7UuGoSRUYo
DxBZxbjx8mw
MVUtGex_nTA
TIW6Zh1AQrY
S2ankE_D08c
M0UagvZ3mrk
nJtatCbyaLQ
g_hU9-1aAiM
rWVCC6N_aoY
NBuBwv4gacs
MEF8XSV95N4
9oHjlpWK3E8
T-wQmE3jY4c
Q1wwAfeBC6Q
ambP6MalQPY
rIAZJNe7YtE
eIpkpWFiLuU
ADR4-sIXoPE
77LM_t19djI
LTDuGU38-70
6RmDqSPCoPs
uD47HL9w9FM
XK3KpLZdoO4
MqU2geyH1dc
ZK5r9OZ73Xg
DnbDTpf666c
CdiJGDNQAo8
vxSgvPPIGWc
iNsrDWIMnHk
1KbpCQbgThY
Bteo88WcSUc
pA8vK0jFyvU
AAssk2N_oPk
a70dbulRjx0
VwWRX9IdblE
t37GQgUPa6k
p_4zihzPClY
QeUMFo8sODk
UP5hQKSU3CI
vdW9XDBuxjU
m4I2Oa8kyug
PlcdOLfCGnk
hGwoRyykifw
4XcJ3cQVhRQ
7mFp-DWLtPM
_2ISnlT7j9A
g6WHIr4fhLo
tuZw-yEFje0
ppWPuXsnf1Q
LBWk3BuT2BQ
OHP1rLwR6r8
6yi2JtgyRRI
1KxplrhAVzs
6hRnhvDVXEI
fgGZMRJ15oY
sRDnqDimsb0
nMAxkcSKUfw
rOls1FkLoGU
UK8HH3_q4yI
MHXO86wKeDY
IpjYRz3R990
8FmLeLJwFNM
Hv5flUOsE0s
39VKA8vPXGg
0tAkOX4O8S4
EKLIkfgfTyg
aLoWkUSGKAk
1g1tar_OFnw
GxZLlvXL9QA
JS40jPaogM4
j3Qm05clhFc
3hYSnyVLmGE
izp57ZSVqcs
CtAceFgxzzQ
NdDS3aeRsnQ
ez773teNFYA
r_I9uT4Yq7Y
LCKCSccdJGA
4guiOVf7bAw
vkRLxK5nAdo
EA1p-8puOyg
tBWNRo7rmuQ
UITtOqLEUd4
m1xIKARGczw
Ae81rtoBpOw
q39zl2dUoV8
JJIVcjufuKo
VguG_y05Xe8
o6-MywLVhP8
woVlWGrHzro
R-5weyHVC2U
1mr3issv79s
VPaBRjSrq2A
_gOlQCI9Tgg
XYGjS7uxSmo
jI435iDef4E
n7UFWriNFaY
fuN4SCPp6JE
-0jyrvMl0Ic
V37eWVm-9BA
eNWG9KRAbCc
FMG_9wFwRqI
kHfCN2WVJ-c
eJw8MJYPlIg
hOhw23f90wc
Cu6VSf5aOaM
5t6aO1UQZXY
KYfFCApo-Rg
PevZWeumKnI
VDiEkkYRjRs
L7MiE1zO5PI
yBw67Fb31Cs
4A446zAJwks
Zir28KFCSQw
aXfiyuUziY0
XyKAXsMI-Zs
sVa2nJEYN5o
cr_DLZAlGoE
ZnYPOXD8rQg
YFloxv9OWmo
iDwOcj1whIk
wSge0I7pwFI
z3xDaeSD1Ko
CwyOUS8TSl0
aBJ079gXQm4
Lso0AoiszrA
68WHgrHfEOU
g69g9nQO_gg
2xaqqI1eTX0
LvvgtV-zm5A
RLBmWF9Xo10
cFXBXsN_GK8
IgqMHbYeVZ4
y-gI0oWjGlY
upiZyXpev2I
Y8wy68ZCr9U
RDJGvMwqtsE
CMjtl1B6gCA
XXDjknJqpVI
2-eYK5DFuqg
SA8fANA9ZEQ
x7DDpk2wPqk
Asddlpmr8e4
TjyIMnbowcE
5PcpBw5Hbwo
tRBNb35elnY
tFNOdrvZmVw
nXwpiPybr0Q
60KJz1BVTyU
t3fsaBnBe6U
2n93ioqHf-U
gpS-q84MxcU
fvbOiqAajCA
JSOQtLh-d_o
ix8oRui6s1Y
MvFsLlCQAiY
JVdOD_8fiaQ
LzIAWFFMcjM
NQiVoiSBYRU
mmc4xmZxY4s
6pEcbkSLiCs
R1TpfVvabWM
IEBXFEQyPuw
cfetualiJqs
gXaHaJZ2JUw
4Ae41ZbY5Gg
siz9dpW-BfE
HeGAeBe7iRM
azZkOu2L66g
MGW_Qcqr9eQ
6ACyuBim834
K0ODw9QhILQ
CSawQl8Lf1Y
4LWmRuB-uNU
txGYG60TICA
Hg6xcdvNOag
f9K_Vehiu00
0sfjbWMQBWI
IUyrlM1qkGU
A6fdSHtPHAM
bLjMxXqn7P8
psrgryeRUJo
2WM5Samx-Qg
Cg2tOUTE2F4
D1Qtyxj1mC4
ZxYOEwM6Wbk
WY8mr8mhutw
FFAX2Bhw-dg
IZpaR0Aqhc8
QXjdiRhmPCs
5ul8RWsnlxY
cGV2DZ_k-bI
yRIQ_j9V3dA
wJO1O-iw40c
nKJlF-olKmg
W6tmqjSlbNo
yeKNC1PJ-X8
B7YV3GPFeeU
L8_IlDOKzsg
8A-5gIW0-eI
A4xJciFfFj0
jg-JZXICnyw
WIVUbBIrbM4
epWKLefEd34
1zZLts5ivww
EgIg90cFRVw
KsVyHA4JKFM
LLFBM-CON9E
hrHwLXFwvDk
pYXkxD-9NFw
DJ70N5HahDU
-Wy5T6PcNkQ
TpaOy8uoiJY
BZMTbNL_EDg
KceRmxCnXDA
c3W8WxAf6zM
9_yWEpoB0cw
IAEASE5GjdI
WRm9BkpDJ_I
6L_FVB982pc
w_SNIwW6iX8
nxf41fMX_Y4
mwUuxuvWAMo
ZYJIakkcLYw
tdXt2qPwC0Q
WmTn8MOF49k
dTSGjuXjtrE
9SsT0kjUlF4
_OJKp4c5OLs
m4x_Q0otk3M
H8uurRzU4_g
Swxk_btfWwk
MfzS-VXE6B4
3n2UefBI7J4
zGg2-rQKaDY
7bCToECHXqY
oxRnBkI7r68
73xCxHv2sXo
YwrjHMKieXE
Su4BkkW5U3o
Y2V_IAnIRYE
FWnBGmY2fK4
RLqfZ5ZzTMU
Q4D_4CGWYNk
ed82c4JKF38
BJlkkOIFjx4
9WC6-qStkjw
bgHGnFqWC2w
cEvgcoyZvB4
rMzKsqbu6ac
xlMTWfkQqbY
cbhByNnRQJE
48bK3mmjgRE
iUz28vbWgVw
1-0_k02MUaU
a00a2n2AND8
D_1vgZUoAfU
Pssq884SIS0
4skbAe_QFXo
kIGrLseMuu0
tuEztAfb4Bk
lXWfaoSfa1o
ZTbW5rVkf1g
ovyINjjW6Lg
9AzFGhAEVSY
MrIFte_rOh0
Z3YuIT_NYMs
Kl0E8p2IBmw
ioVIJlEsaPU
b1WhlOISRt0
B5r47Q1cn_o
phqWpgA3u9w
m4-MLaa4nCs
wGNB4H-QneU
eX3nhktCNvk
EI-F_JA6XzA
Dk9wxnGc5tY
pzGTMkhAjJc
OiSepMD8TXQ
lFZ-CM8S_Rs
-1KSk36oAhM
5BK-cnMWHyQ
4PDoT7jtxmw
VcdnMes41F0
13CZPWmke6A
vrN5SPeVUu0
R3t-hzUYBxY
ZVPe0nK68eU
SsNF1VBqis4
UhwRYTlXHjY
g-gGeAe-PJA
mBHY_Qaw5AI
SBnItHJdcTQ
GfrAVjs9xOw
i0UyKsAEaNI
__GsAG9G4gQ
0FJNy_S52Tg
RxRED7x1t3A
6V9j0eq82Gs
QImCld9YubE
XEbwwXubOss
xoVibFYi1Gs
tixz_XKP5cw
4ov5hCkj3hQ
DlVkePwnqt4
hmnvQmUPsto
CNifhukGB3M
0ifVWaLNq1M
gQbUn8i0x70
Uou3dsNt12U
XXBR_n10oV8
pYgzjjBdaBI
QrPf9gdFf8g
t_865QAfaVM
Z80bHiguK4E
p2bzYYCpYFo
TTME951CxNc
R9VSYO9mCxw
elQVZLLiod4
NEMUZSKSCWA
FKqHMOFNoAw
yZ1KSJbJAng
4crNHv9yNuE
U4BGlctQ2Yw
HhY95m-WD_E
xlgNt2xFHDI
I0vAZvNd55c
2QSyfA795js
DkIhI59ysXI
yMxqi8rXd40
_J5ay7lamuE
1NY8L0YM_Mw
Me96OWd44q0
wUhf0sWhtKw
-0lwN_fA29o
YNtsf9dMhDk
umC_zUPGrp4
moJeqRw00cc
lt5fO3coVXc
E7GLRnNIAZQ
D__UaR5MQao
DUlsVRZfBN4
3noK4GTmyMw
8EX9tGuiK5k
c0RVfpsXG5E
0WM8NyzQH4M
yC9u61-WZW0
Ipw61UhuM98
8ayHXTnN4fk
M3Lrcnq7gig
pq9LcwC7CoY
ywcIb29x4UQ
nbu5OjAd2jY
aYwDs9LTN50
u41Zt6z5s7A
4o_QuwkFTf8
1EJC-1F9BCc
s1iaWraWi38
LBviqEPbMOs
eLI8BW-S1pA
JgZu5-FNeMk
G57ft8gxhqQ
IB50S4J4c8k
jv83tAVQ43M
z2JLLIb6A2M
ggPU-nHoWUE
Ys-JyytCu2s
i3tUEYdSDTM
fLQkanZbhX4
xkY7RtASL4w
hrmlMAClrv4
NB-PUvODLLI
dsZhESz0GEM
NtG0nv8TNE8
rh1VR8uOwkk
8nQrarL2z9o
p4YLd5fsBtY
p1PgNbgWSyY
jdt4PPY09rQ
OrirjUHXm4Q
OpgyxPXNiOo
Dy1LNk_B6IE
d98LcyRVRAQ
ZqXI_MN7q7s
px_bjN7u848
FycDx69px8U
IcjgrB9vTec
vtN4tkvcBMA
lPMg0dk1hFI
1de6fO-9ZDU
M0KRGOZLanw
oQ42GJwVWhk
ByayqNQU2fA
Cu2rgRxpdPk
M1-v-dXIzho
Al2uzT2cMgA
v5fEaAlAmWY
aSfU2nY0cgQ
VzTU0UHxliA
-Eu1Lw6gR2U
ZLh7qzuQnu0
j7JWoS5onAY
UIBJ-8jynh4
HxEEUSiaEFc
na2rIlgXVzU
Rk0NIQfEXBA
KtYhEaWi4lk
B-oDlVhXBJU
gEu0Fnt0VbM
1EtMp7aMCD8
4_bdLS8jCVs
EmqZBBuTMjA
7mpl6Fvtfto
IvtyAHUhSm8
q6sI3_D8JPM
eZFUmYdhixQ
kO2U4PlT1kI
QvuQH4_05LI
huzjUtWzxt4
SdCUS9FnEiI
_SoviSNZjso
7KTbEn7PiaY
wk6Qr6OO5Xo
NXKPNIsLBTE
2zcYbMTY0Ro
WUhI38y42Xk
Y2oxRxzHKxw
sbfCSHhopT4
yIUeUoCfm5I
xoDTJl6kTPc
YbgnlkJPga4
yk06KXA9rik
Y3tEeantDzA
eL2VNofVGn8
L170a8TgMQ8
MY6nKL59L1o
qLT56mKIZ0g
hxR9RBujJUY
xEvJaq3pdvw
TLNr_gBv5HY
kEwGdmhqBgM
PvhhuRAhWjo
VSiQCL3oBj8
xnREqY-oyzM
dSa-0VJmOmc
Yf0wkEhxLQA
TKX29fJ8U2Y
7VP_cCMeg1E
PaRGj5Phpm0
WcZ2htAaOHY
UP2QpHmcgyk
7QTzSsda2Ts
TrbL7X3ohIs
bfbyCTyHFo4
z_CcQhbwINU
DpCVy29zWCo
ZjK6jIsQblQ
rjb9FdVdX5I
y7W4cwmfcgA
AdIYp7cubXc
UsIow05oFvg
D0D028sxlKg
Qw2dH_urd0w
nv40SUNH8Iw
3SfvARFIxcE
_JtPhF8MshA
hFRTNGZSWOQ
f5UEuWMlqRI
NwzuibY5kUs
cYUsI4Vl4DI
o_S2dgGJGnI
SPVxN3lwyeg
eGbfn7JSJyg
EqljeZzqMNk
d8XtNXutVto
XijsyZhqNpg
Ns8ydpZ5-4o
sBd8Kt0Y6z8
LjvGmBAY8hk
XrM1lxfN3vw
Xwpd_z-ipu4
IMzvPYG9oyg
w5phSVBEHhQ
4WG5gBbV3WE
dv4cK3kcy3Y
wiZK1D1v55I
FXH0hEDP9pw
hxCzpa07dvg
bIZsnKGV8TE
MvKGU8qcMKk
8bGiiLW_ss4
QXineadwG4E
zfuRny_GET0
IPEAPYX-K5g
-44MDjRpqeg
S1opkMO1w4U
7c2oYQwKmr0
v07X1a7nOAE
BRQanI5RUNs
oJqMucCPEE4
c_Q7reJtiLU
2khJvzk-BQ8
7NsjEChAX78
zyWyahT2Mk4
xY96v0OIcK4
qD4XkFndaFk
gJ4FFKHiycM
dL7uHfgHjyo
-q19VcZ2zDU
Jan37BdgalY
z9uAN6YNkP0
AIyonw6LEOs
X6tvJDc5LpQ
Nm8DRUgmjZc
wIEZQ0UXiEI
fJRBeWwdby8
IPahI23bxs0
o5Cv9fvajrc
42-ws3bkrKM
WdfJWbcZBUI
i4VuvHzttn8
T3OxRK83iq4
mEELIY_FoKg
VXwffHxaP2Y
c8rrkWIuX4M
FqrIgyZhtUk
lh5oxoUKK7M
6JipQNWuYnA
c1Ig1473PAc
y4xBFHjkUvw
0_IR4UBdDmw
6zy51jD_mEQ
wvvLToaJ4P4
T-NTEc8Ag-I
VdX5jxOyUYk
9i1WlcCudpU
IZBCxH1mUJs
25qa5N5Qkbw
DIyssgc6JZw
Y59-9jbZlBw
Y9DhwYPM_QM
rEoc0YoALt0
C1JwdRxGy3s
ssH35JwmwTM
OaVuJFElrXc
W4gE8k2RE_s
sx1UddKptUI
nNyvn2w9Bns
BpsKk_luJeM
o-_WXXVye3Y
dtSJ2CN0DHo
Od2TJA9f2-Y
MCLOnxa1--A
hVxvLd6cF0k
qQ1rE0BHsRQ
sTu_djNAcpY
JhGf8ZY0tN8
BwDfEtpToNw
BAjjiWm9MsY
eWowqM2S9VU
3aAHbLujdtk
UC_BCz0pzMw
gG-XVF8VUsY
doDA2QGwcoM
4y4uk4lmpVs
TgnwpbHRCqs
5N2x7_Xsr7U
1M0PJAUW9Vg
5SI_wzAfBwU
Gl4DKyicKKg
oHHSSJDJ4oo
Blqlz4leMHM
hNCz-8QIWuI
G_L4oai_ivY
FEZxwzqyGHU
8EMpEazvo2U
TzOHPOWROaA
fXm0SLzV5KI
92uo5OBOKfY
WqkgkfERfmg
1lE2WxV9WTw
NiCXpyrXBEI
wfAoq89LNRQ
uCAOlOp2DU4
6YRQntPnh9A
cCXCY9hRkT0
CmDUY3RRbOk
TbxwBt4Ik5E
e_pUo-cENYE
cm22AogSULg
kOqcdyUf-ZI
jGwXMfLenR8
A1u-zhc5g7E
3QeoYnjtSrs
xZlt2tqHd80
0FC94Tgz2ho
tJ-zvHKk_Jw
aKWio4zHShM
5Wz9BkzU1zY
VKu_zOA_J38
55uCvbdhY0Y
Wxj895svWFQ
-B0uAQ8z4GY
JRLdbt7vK-E
0Zb3pPxHWkY
hpoVPoMrST4
l-vHGf4j90Y
9Jt924xjaJo
ecxCL84n26g
DE_PZQ13YTY
kFFyeHJDI50
_tU0I6w8L2k
lsTRQNoj0q4
a02fdZZOHlQ
5zI9sG3pjVU
hHtb-Ohyfu8
mrVg9GM5h7Q
JVhJcXBTl3Y
0LxLJH0Ujm4
Rkv4rrdFBU0
TZGKOTs7pvM
YZekKtnVWT4
g9McJA3XEF4
xv4gGyJKyKg
fqxI-32_w_A
oufXi3e-VuA
hC6iTwB-1vM
eZ0Mg-sOvoQ
6KVKOgxvIxs
Ag5WPNwILS0
_zk-5wO0puU
EBuqiX-OW2Y
ktrEK6dfi4I
eqYNJLbxRkk
3DHMse_pcf8
HamCYaX8WiU
8riKQXChPGg
77I4ZkhuHsQ
3udaPY-GsIA
EICHlgrqZlo
P-2P3MSZrBM
TLrh7a67wjE
5d6SEQQbwtU
OGgQ4-Ak9ew
2MYor3u1EIA
4-axms7kdgc
bTL2HlbMjpw
8mixT5_U0hk
1M9tDmQRx6s
aiQWw_2EUf8
qNtjud8zNa0
RI79WMcC8P0
uLCLAfnTVnQ
-umlnQfRMAk
YoAyghZ01yk
aRdUqKtbgsY
-_xf8WpvUA4
-1CihKoMGGA
AADG66TfLfI
70thmRFrB5I
FlYWsx69GEs
pLjtItOE88s
Svtqx4P3KXE
Nk3Och0I4ZY
dufJzcfE1T0
kp1k90zNVLc
tyrPMVMb-Uw
ZIw913WAugo
Aixf24KAjQs
S--IoOg4yo0
xot2Wj10aiQ
gfC8Y66tR6o
590IO_ZkOwA
Z8R6pGe4Tqc
NYN2gysiSRU
ZOpe843pHLY
0qROfNqmVhI
Agdt-6961fY
ju9loeXNVW0
NC1n7BZJAkQ
VyrAVNoEf0g
JztgJT547Vg
ixmU64AAhFU
h0xD9-A7UsY
7v5him718MQ
g_RiJLKFuD8
bdKZVIGRAKQ
eAdanPfQdCA
wR2tOLShFmY
atDsh3T_jeo
VUrLn3czFlc
CN5WBBVLQGY
KWoUWg6gu0k
OWAqilIVNgE
z0bPVeQToew
Fy99wQUpA9Q
QZgIArBFmmE
HzFqZ0Gl0aw
hMH9w6pyzvU
obcya0ze6Zo
xoCPufc6BUQ
8Au47gnXs0w
d4hZHQXcHrI
PgtedwKGhXs
SvWPcbjSj-g
mBNLzHcUtTo
OUTNJDoCYWM
Tj9STqRjhk4
y1u3XK-0giM
ipVxxxqwBQw
ICFZQsjAq2g
eOfVBqGPwi0
KEN3sTsGaEc
Bc9cuW_ezZk
TXgezspaGi8
eb7tgP7Bla8
vlea7PtVXJ0
YP2PDoLli-8
P1emvzO_4jE
G0FaPFlmjJM
MNfxBiT28JQ
FOOiiqRnwos
YxyRYZwudYs
PNY0_H_nOkQ
QTU1F865JJo
9zP7qooM4pY
B6pddKH05e0
OpSmCKe27WE
M-CQFcp1FPY
T3seSbJXeuU
0we7kcmgDOw
2xMJKh0idYc
gSf-oYXebUs
yCxacFBLHIY
HGvZJREKgH8
-8FCgAAOr1E
4X2xYyIk5x0
opPJBkv8VG4
ZLyDvABxGF0
cuiasBC_qvY
LrWDNzh-rTw
sGPzvRW53pM
OG98Gy28xVc
TnUnpwvXTEk
SVc6n5aOzy0
ZfoC2Htj9no
YXr8L5PDD8w
xva6lYPhulI
6ingR5O9xe4
Z_gwrGUAoA8
O194kb95pac
WPEP7iF6NRs
ZkqdkrEAYrU
s0z9z6BjTTE
fcKYTUbIMQM
JAvRlqr50FY
hWTznER2hjA
pXmv1fFaCHg
7vtaNGn6KK8
fRDJe3FwMfo
nCc_4fSYzRA
Jd55bul1VHo
Q2aaCDNjWEg
W-of1Sdv2nA
H_V87kJv5Ig
rl3LwIB33kc
0lAYQWM0aHk
tpS0ERWINeA
XptY8pr2qiY
g8jV1s9Ije0
v3-a-zqKfgA
DljzHpKNKag
jnDhQo_M5pA
yN8HnXEYIJI
2CZ29h7JHVg
FB2U5JvRgL8
naed4C4hfAg
MquoGuU8sHM
EznPmyMp8Dk
VxW5WRfU63o
G9uZ7fxgBjY
Dy55X4QaAAU
gaMz3JGuA5E
V2gWdhXRX1M
KzyM8iwLAw8
ujjihEw0m0w
8DLNBVjxEhE
cdTG4yVM1bY
7m-USntpQh4
u8ssfpzmhw0
G6JSp5tWgzw
nRrBR7f4x3M
pXEl0R1BX-g
PJNxbd6Bb84
moh2hoyeTxc
1bEtau-QUTo
tfHJJCTivpI
AC7cuglBdYU
6zr0nfG3Xy4
4kNNdnFTlb8
Xui4WpMRAbg
9LQffCdHHlQ
HOB16EiVj04
3epoutFBuzE
_8yVOC4ciXc
AuqKsBQnE2A
kDvhYelhvBI
FifLkw8L1nY
8IB7JcKJEeI
Ns5MV6SZc7o
qCroRw9VFfw
k8Zomsf3uBI
4-wwWbff6Pc
oEqtVri-1VA
vAG-4iucvTk
_hni6uuorKk
EBWy1d-JE6A
3t06ajvBtl0
tnhEJwNutT4
r9kteu6R7TI
BcxZj2qh4Kw
M_V4X7wVL9U
p7trBhlgKKk
bJRvJXJiuzQ
mli58oLT5DQ
mpP3MlwE9JA
zLedFGtphLA
qpjuKdlS9E4
NeGocb9BKH0
KIs5mYNZ15o
kdXa-3kIKIs
Kl9IBuyfeFw
z3Im78UP0ms
MGJq5C9wuzk
conRTnUBrms
xAP3aARpKT4
32-xSTRgrHw
8PUlIHgRos8
EOsKIUjQ3G0
K1yYmyl2hDM
7Nwg8gfVBUo
BRUr0c9lL9o
DEqXNfs_HhY
SaohpJ1o_Lg
zrEwHn7XmRU
a_Q6y9SJKxo
d0gthX70UC0
spkez7qoro0
Cp1pZ0jm3yo
Kj7fKWWbBVQ
O4oKMWJVwPQ
OwhqaixcdpQ
4BnhAKcV3WY
6IM9ofpcQrg
iO9L7VAaZUQ
UjRUBSxwrvk
uf36Edkma1I
qOmQOsYV9WI
AvnifmGvzu8
BWnDNOW9NDo
18M2SeCNYYE
hoI2LT5jI5E
WFmRFFNvSQA
R8cQwOt3U9g
gU4sCRWdj1M
MEyiyhSk_2E
wTJI_WuZSwE
VSsLDqLnOOU
ck4RGeoHFko
59kyZH6sgpc
uOfonONtIuk
MO-p_x2PIPk
wO7HQJubqC4
a6f6ymHJIbM
KlspoHDCyVE
7i_f4Kbpgn4
pm8oXab3zSk
5fZRRfai1bs
y8E61LsJOrI
7RD2x_SRsbM
XBOK4dg9e14
FMTCKMa0HOw
9ghlXggxYWE
cG_d62T-yu8
wEgAHOdfOnA
ZOiAZlAK3ZE
DN9BZmCK020
dQWn9NzvX4s
ZkqP15btu6c
2mxAyD28icU
353lEB63iyg
kPaSqUAxF3M
w0VA9kbIL3g
kxi-_TT_-Nc
a-zEbokJAgY
llh-2pqSGrs
LnzuMJLZRdU
NTC0gQFYqD4
W-VInHvlrZo
5nLWTVTwOhY
bATUW8G2ONE
mD-P6_k9zOY
F_UOGXsAoSI
vBLIyOvZm1Q
FK10OsvOUPE
S4hDVKZguTM
ayH-V3sQA4Y
BKwHZo67IIU
lFpx0cpmJ3w
-nHYPq8ASf0
DOmEBOY3544
_ijnXe4ATT8
oNAaCnezxXU
XY8w42gCFN0
X_iX5US1_xE
-VzqJnlJg3U
UcckLr4fQQs
MB72XrlR45M
u8ndUaNogyE
RQC0Xx5ZLv8
tczqMIAD7HU
VIRhe7WS4nw
K2aBzQBSAb0
7zBrbdU_y0s
8cNeAOpR-Ws
c3LhK2SAusk
PhX1oUqiKaE
X2AwcuKQMjM
QAzaWz2iRoA
6fDVr_KymFQ
kFNFlbiIeJM
xFuKLLLX85Y
KPsvfhACnpc
uTDv1bLwMlY
rcUl-Io2ZBY
VaOKQ0iNedI
Monqjo-3MOA
SYJi61zJKb0
TfCAXV2QbGE
o5J-og974DU
D8mJAyqQREk
8WPuu7uNfDU
2JHNlZv5l2A
tXjqcM8WDvI
b5pCa2OcqIA
-RmiZBZ3A1o
iBkNpJjpkqk
2SHW-Z1p2fQ
iHkhL_gpilw
Tkmtc_f9_2g
Jtr73LeMrpY
975r9a7FMqc
ImkzRKyQ1zE
waYr2J15uUc
odM0uq6DRFU
XP0_9zXnvH4
TOgbERklQr4
bO11kUHsDWA
AzRDc06podY
ztKsFGbSqL0
643F9cYxRPk
pQe1ul51RM0
CBdjz0l_9_k
Xa_xteu_Mts
EK_3Cb_mEh4
pFkipMkkWeg
1xzeIspWsLs
O9upVbGSBFo
lFhyHrFI2eE
ZOHvdMgplz4
nF4hg6g7SwE
J6HfEQfNkEA
an2ns2m5GD4
AzYJTiQSGjw
i3ZnDRrmFjg
G1-wse8nsxY
1LcGzwxIaOo
-hYld_0TT_4
3N1JHumbKYY
UgF1v3jIvo4
GZ4YM7x_Fb4
9ORPyFfZUPI
egY5qwvFt3Y
2qcIi-j5LKA
WUNtqpC73Xk
yqgq3Znb4No
Xs1K46AUK3M
AB60_uUetJs
xtJ49gXWwA0
lB8w7H2oDXM
Q-3oFreydHo
rAIylheETFs
A85S1UhsxCw
lhTo2pmNkQ8
0v9Rwqxa8eI
6UurwiIelCk
TshvZlQ7le8
bDExQSE-yDk
gZm2G5soIjY
Senu02eu9-g
u94AGMor2YI
TlM-N6GJc_k
MD3EGkYSXh8
MBSMZ1gYbYY
Rz648UObPnI
GRadH2kWBio
NkKxNvavmlE
ycT2RGr5qE0
TazEY2_qUxc
vMoompUqTy8
1bkFRxgEatQ
FHfMFDqYbtc
NVnwc4rZI_0
vE5tLIEH4Zw
MXdCnOw3NL0
vmgxtcbc4iU
K27d3LQLKuc
UOuRYsAP5Lo
Te9hAwgGH9Q
yj_ckNi_DCA
LRYkH-fAVGE
t06rkOOUa7g
aB8zcAttP1E
8rc0QljS_sM
_AGPbvCDBCk
aJgZgisiUsY
PUAdj3w3wO4
0m3hGZvD-0s
386s-y1aRRo
amCsM265Lw0
U_6AYX42gkU
ehPUumP02x4
b40J85cX0WA
jtw0OtpCVMs
Sb6UkSvHMWI
BwQ_TPkbTI0
vUgWJWpoeeI
0cfvWdSAfRg
h6caf9zLCh4
V9x_HCdWb9E
somBT46liJA
RArW2-Aq4CI
23w0mxc7j90
JvRBcKyg30M
jG_hvzYW1gY
kkYjt_JE9ig
VFHj88YQ5fA
DIukWaA1wmI
A7YrFHY9EPA
NjS2RmchkHU
7fP17axhMvE
b3NxrZOu_CE
X8jsijhllIA
mH0oCDa74tE
h0jloehRKas
DlEa8kd7n3Q
YDg0PszCzww
dtEHs6u62ps
Kn0JMSC5dGM
qTh_DeS_U68
W-ovbjjEHvg
b2YocS2I1gk
0y22qmj5FQA
KK6WR67ddCo
jUa5G22QO7U
Ke_fuqhSneA
xfik-E7SuEs
FMOUQdqWqgM
R1BB1eD4RFo
l4wNOn9I5Sc
A9pQMuG0_zM
WapemYM5QQs
jLKFLFErtk8
Oy6llZw_ews
IDE87W_HrmY
5FraGUN7BDM
V61Nj07o2pQ
-1K5vi-q9bo
c6i2LRziU6U
_8F9JbUQlWQ
nI3GVw2JSEI
IReSQJzTkKI
emrHHa6_bdM
ES2-EWAe9Ig
3AiiOhTqM1s
hIK2DcfWosk
OEJT81GsplI
6EAjh3pqB-A
lfAJ-gXrC2M
G0FrnzXejwQ
73liM9tco6s
Ih36q4_h3Cc
ceuPhTYymNQ
fUmOErmWe1U
LdJYguyHUAg
p91FSNBoUr4
nxohVO-0vnQ
8szO3ialgBU
H0VBvn34hOE
fhdHmo8CgX8
VSpU9IOqSeg
UxT23opR6Z4
SKArrPU1BdQ
c6T7HnpdYNk
YmiOm0XeV00
3Fs18SpOmRM
OFtN8FPUWDQ
5KLMZ-k3UxU
JUbqL_Yhekk
dGLs5nPKJio
QZSzqL-asiY
enurQ0tHVL4
r_5bYNqpEFU
z_CfKn5boX0
lfizshQHNQo
_y-k9WaeFFk
EPEmEMp8zp4
ctxYccL3Myw
TXikgaLMhGE
oBSOcrc4nt4
fxI8zr-CPRg
tu9MgCaBWh0
Y8tVemdtKlQ
UwiRJLxNonI
8Z92pxjtMmE
Fa7DTjuh9F8
PvHayKjwKbs
U6VBV4QUMu0
egEraZP9yXQ
9Vmwsg8Eabo
b0cakXwiZ8s
_WHRWLnVm_M
AgbeGFYluEA
BR-eMMCp7tg
xna-kdXZQHQ
zRxI0DaQrag
KND_bBDE8RQ
QOJfyp0KMmM
62IheUGZQLU
tjQIO1rqTBE
-NJ9frfAWRo
K-wIZuAA3EY
90oG7uyZT-4
r428O_CMcpI
fURH8z3hb6Y
wHRubMACen0
WSW-5m8lRMs
CbD3wGzrO5s
kK6HkqD5tgg
zYiCYoL5UVI
XxSgdX7lX6E
h3WIuaFIvhw
_pNNQ8F13GU
92cjFZzTuVM
rIwUOwYDSWI
hOWn9fZ2-0M
YiDBLo2Ssbs
OTIL1MTvcv4
hyzwg7Cs9Y0
7F8IzSxRjc0
PhVwBU63sZ0
2853-e4va1Q
_JKyaDo1nKQ
ARklsaQI0b4
wuN7yI6vzoE
bWh6mSyrG5c
AyPLW9JEP1Y
rA5qnZUXcqo
Q77TTUNTHCA
os4DcbpL0Nc
iw1obNGEt5E
H0iNASSCWZI
B3QTAgHlwEg
y8XvQNt26KI
rhFK5_Nx9xY
GgFr0i5DtrQ
n2DnvckcdwE
iY36BlzqYYg
kwby1N63Ux8
U-chqg8dp6g
Z9i9XnhNLq4
cGAlreDZcVs
LUlMUO5ckcM
P2JQhB4-XxA
sj0mYyK39Z8
jLkLH_RQRuQ
f6U3sJMykUg
KgWsA0MtJn4
vPnxOLD-LjA
rkKBCcZvJh8
kTymmNAr-es
9qdmd8WerAo
8CqJvMaJzd8
bmQwZhcZkbU
bTeZz2fN2Qg
yaDsvB-8qno
-eR26nzi7Mw
VboS3zloKb8
PUDnBmI3AZs
ylX7fcqEa8w
dh2PNxnXQuU
Bx3q_ZubwSI
u4IkfBZKfYQ
myO8fxhDRW0
B3CsOx5U9Gs
-t1_ffaFXao
kXida5QZl60
Qcd2wu5cyFw
t-xesHdE5X0
dOtNAGAhsO0
MT109X3KOck
xx28AtNNNII
tirmd8IHxm0
7OjBetjHoYM
A4acB3AXHFY
_xOxDk19hVM
Drxdxnsf9EI
xKNIYblazQg
g3DkflE24AM
nGesxviqPg0
LmdSzO1kMhE
efUJppSi2J8
y5ADYTGI-qg
wko-gUZIkyQ
kYs92y5xIv0
viy6kgNajLI
WAW2YWTIEbs
DGzSy90DNbM
LxCJhkUnHqs
0P4MwAapVXM
LodLrkcwgg0
Mhc3nmmitYo
7VZDQf6o-2E
0gGdtL34KPo
U-49mElwufY
gbivRmx32X0
oQIj8WqFlVI
o0SJvSWIFsY
zj9Fw4LVpkA
uC9ow3Q34XE
310x7Tkq_-M
SG2GehEsfDw
hhEwWghH_XM
gouHXN9qprU
ZIeQlFIw1a0
Sl2C6xpJBGo
iNEQx22kcso
SBnGrMMtoas
Tlt-S8lLuIE
XLcxjKJ2Pfg
3mnSDifDSxQ
cFh4vCcmW2g
Ms1xexUCve8
R35_IOi5cBI
8U0XzOco7D0
CXt_PhaSubI
Rp5YL_wgfzA
SdOvaRs0deM
n5AnQ7yw0t8
IT__Nrr3PNI
pywuVVgKl_E
Tp54vYkqLWU
O_B0Ra7cWcw
TPAtGpU_xY8
QidQiH4OwNw
8Oec5rfS0NU
nKHFUcPVdnw
h0od2ELqG9c
AeqnshDxNbA
cb1Np94kKyQ
meSu7D8-iOo
Zu_1IwTZj1s
FKCJWkPehdY
7TE2DkS9CuM
2zBM8RRm3p4
aqlQrwrzrnQ
CC40h-Hak2Y
gPknTQlKGQk
h3PZZyoXnKU
_GJQ8oM4DE0
V5Fsl5PQDUA
ejDffETE-g8
R-5-39La2rw
My79Ee2dmyM
9Ma1tjc_OZU
wkmXwpx_SfQ
wbR-5mHI6bo
bx9n48sjXw8
ptb7mMeA3Y0
gUVdWLUZ8TA
8yN9zatd4JY
z072EfS0lus
Vtr5Bk3TAa0
D83h8xTNdpE
vm79qfOzfvg
FVVSVye8hcs
rk2PH9lsPfU
egFPfMBkDjQ
qrJXLbxEe10
fsbQkYks12c
sE4WZwca9uQ
4wJjlbPPGd4
AUWzy8tDxFo
HwsVhkbpUYY
3Kn82fFjZqo
Y_wtdAqZk6w
7vJHfjawPVE
lIT2tpdUr5k
NKLkS0eICaY
-HWJv4t7CtM
P-K0F4dWfsg
JIh6C12WCpQ
BIk1zUy8ehU
0sBm8fo-uzs
Cw-T7vKJ7w4
cGsRJhoF5yY
esQAom1P5uI
kK6LC3WsSfQ
mDt2A9WFcmY
9-EbHbpYvkA
HLLmV9LQoac
q1u_cC-5Sac
ten2T1Pq_z8
U0--ZJfmUEM
8i_HJEV7-Ys
QFUuI9QF_hA
vhWhbtY8JsQ
oOYA-jsWTmc
tunJ-QJMmMo
wuO6GM5XDjc
Byx1avQ4Khw
xoT3uIfIUGw
onfS0LlpOUM
2WNHoAtKtOY
lqLvjzEtWno
NbdRIVCBqNI
AkSNPaLmb5o
WrnnnrDTzZI
p9VpWdoOxMs
ywpl4en4MI0
wm1VkVdgOno
9zSs8q5tRJA
jTqg996W33I
CWu29PRCUvQ
zHszA36VLqI
8qmu9lTTc1U
sx4STsk0Oic
DVljCmraOpY
jTCnEad1rzc
FQ4HmIDnOsg
LeXirLG6las
idy5qrlqNcc
rFANCmr3-Jk
1ooOKmwC1Pc
QLkHioIXJHo
x5jwrLgqm2I
LRFerDg4k3A
_ORhHsMbk7Q
ul4oHR4Uj2g
BiIrh23ATBQ
8SazEEcAnNg
KDFPckINARU
H72i5Vc30Bo
kCvJ8pDSp0E
qpr4Lc0ORJ4
KLJku8hK2M0
FiFY2uiDGWg
wSb9tcwLSmQ
iqrNCVcZSaA
lYwWp8hdWOI
s5H6S7sm6pc
jESE9iyRW5E
jC-rY6-vbUU
4JRgoq9jHn4
Fh7pKVgUGO0
NSLQDGUu2HM
mDFU4EKMr5U
AKfKg2gyJoE
xxFqPNPJuU8
9DqQ5GfZth4
OObmgzGimwc
kJoEGVfq5FU
oMGKo-0238I
nAMjv0NAESM
jey7rOlnGl8
PDPafkZ4xUU
buUQ683djgE
RE7wtHfM2Dk
hBq3PHoZCY0
tcQBshZF65M
YHY0zpzxKdg
1D-7YaPMD-Y
t81JAOfrCgE
572ZX9eb3BA
v0Jde4v3Ug8
GOx7fVpmjAw
FKTtx2xcAaY
ySPUzuiWzSA
XF8LPEyl6fk
nE4SA1AleOE
-5NzUsNEPe8
dyrqEoCQNns
GpwLd8mvzuk
YhAHb9PX6DQ
Lsex6e6ggj0
x6e5YB7uetU
dMATNLY10xc
9MSn6AE5m4o
0K1hQdDofiM
eVki5p7VHGU
eOamUEhiQ14
oCIlSuKZdcY
zvaqgSU0OnQ
P40XlqF4slE
v6iM0EpdFZs
D5G4I8V3lDw
wobzILiZOJs
Puo6Vgcbxps
6zHegXvEwdI
ajK1QMP7ZyI
QlTf5X0MKbg
cqidD7kVnxY
UYEyhB0AGlw
RXXMJAU6vY8
eRE1S31a-Yo
5x7rR-bz0Rg
ER_aa3loMTY
f2O6axZtEYI
nWTvXbQHwWs
vGqJ1ggbJ2Q
FbE7ooiRWuw
u0Bm8LYgN7M
bcbuhePZZj0
NM_FDASE4Pc
UKJZNHko39A
D-TL5hDQucI
X04PrK3ID-0
LriBoPSXGFw
6G4xntMKSIg
HuNcObWZRiE
viYVoULXFgo
Yz8iZCsG2_U
8ufGeRJBJcY
WnhuWmnZCs4
M9ABtlEM788
Fb968YlmZ-s
vj72nO3Plsg
vCzyNhasaDI
gxtGfj1zv_k
RuoMJPTMGZI
mgSpzab2QJg
fFlzZs9uGlU
6oFL9ags2aM
3z9WXjLw1cg
_L3gNaAVjQ4
RA4iTEn8uIA
A3OkXEMVk90
VR8l94J3_04
DU9VqDWxd2A
QmUyh7rrWCw
qR18BJEk1sE
9FJCrdMlWMo
jSbpuIbSnXA
bZExBStUtYU
1rdmmETdq-o
lnZCDfC--Yg
JJI4ClLppHs
7Kjb-6K0jQA
jksgaI780z8
cPB5uKSJDP8
Fh8ZKuNfNpU
BOIxl0kJmV4
LpcPQyaUkrI
rsxKcJVTtUw
rkv1fpWLy0Q
RqcOCBb4arc
5cG3qY_ZIsk
ccLoSTz0a_I
CEiqDwif3b4
0kp_WtdoVCQ
sSBqvNbagVw
ybIa4ip13pI
jFu0zWWySAM
_tVT92mR85o
P637ECC7c0k
K_GbtumB13c
RN_wzuSfP9M
78HNJfg62_8
UVUKh3r3AT8
1B7jNPzZArI
rjwGqc4os04
JnunIo3JsHU
4uUD2EqSNWQ
JPXLpLwEQ_E
Aq9UPIXbtKI
xFZ-3P8N3VY
SMVLx-gUmNQ
7CHzJwnmMwI
P6lByoLL6qk
k0s_Zu8NqK8
5VGxE0kHKHo
GJlzUzyx7hw
oikAfQZsamU
X9zXcnSXNF0
CN1A-ZCVufc
koKakUK4M-0
KUUqXQTU71Y
dSu5sXmsur4
szQWjZsiLw8
Jbb37od40y0
iTnWIKHtOnA
NlIINeUKHWs
ub3b35865B0
EtbkbEiV7vs
j7Eh93doPyc
HIvdKBO_Cx4
-X2eAHhEIWM
InwCfkmgEnI
oSw3SFvfxps
XRVA5PMSKKE
AsgnMNV_gXM
UNojp94aphA
FktVGETe2LM
6qlCKne6MpA
K10EiGo3MtE
9XnVvLczPC8
du3eN6p64Po
Zz5GIK8slbA
o2nG7-eXxko
E8dWwi1_o2k
666Pxwdaww0
_7UNvydXNWY
c3hiM-kLnkM
GBem9cpe7GM
QymV5wRkRaE
fGQvXNlosTc
v05UEky2y04
bKzv2uVyTt8
NwvJIJFy_oQ
Eh16w17BjZo
-80O8GGqNwA
_GLOKTd-8tA
DhfwWH5N3IA
yGVH11hOYco
tN006VuQc9w
hH_oNj1qJww
Yaau0kExWVk
I9aZKkzr9Qo
T1L8dVXiyG8
siCv5loY8qk
ypOBSw-bXaU
qwND5-4896c
_NlTVxn3Nzc
8tELGF1OYVw
Ae3Ey212vdg
s2AEQrjnNaw
Ym8R4cc9OIA
rHxUtDfwdkk
lT9_7Sa0idY
882VPaCziLQ
O5OPVsiTNpo
uRA6KBF9xMk
Iv4fkYPsHnk
qJPRI-Z0cjo
LCjX0il3wkc
bPJUVKizh90
4tMSdpI5IyU
H21MYZsw_2A
hAmSbK81_MA
lMHuwIFZ2zk
LAyZ8IYfGxQ
wJSb1aCD8wc
4wM2VzubQoM
ep1N60jMoqw
YkI1ogqhbTA
cCfgNg77gjw
YkekMju3GDU
rmlNfHn9wqo
-k-ztNsBM54
dJqEP7-_Bu8
bLqGcWtHWIQ
-tWHeBPM7hc
LsmHCYqjYqA
F2BRzOBa3Bs
GimkjNeOqzY
Zp9UQ_5c4Gk
LQG3lnlZ31Q
YVDLNFEuvEI
g9vcW35T1To
gBLbiriGDH4
V3eBx7lVeh0
69byq_5xKkE
kkfCM4ZRPT0
hqALr10mLEA
mjleZgRRQ6c
krlO7bo4LhY
6VShhzrywIg
DB5ohJdRfpM
bi5b2mkipM4
fM-AKfknEbo
cOTb2zmYHgQ
ju7QS4EGazo
4C052j2i7pE
SdPM15mUXyY
0UbWMGrvP8M
4toRIyIgSmA
Oz7MtuHdzQo
VJLt9Mmvx-0
wWaWt9d3yw0
gheHkeDG5LY
2iURr3NBprc
D6Ecv7F3eMk
3_rraHhxN_0
tGLeDv6csfs
LAgFvOdRTpg
WxfA1OSev4c
oyGl2Bx_B_8
26xtfae65B0
_G4OyZtC3_w
LTCuhMolee0
sJ3GzPjPtc0
EFbifMHOXPc
O3Xq3a2820M
zTJUDCipMOc
v5WKLWUJSSU
hrE4Xc63uNQ
PVuF_tuJceM
FZF8yfulaaQ
RuK3OAMHGfM
JascI_29sks
nrAHt2wu1Uw
HFKsm2UpmCA
epTIuf0ALoo
E1KkQrFEl2I
dEPvZZ4luV4
FARlg6C23jM
6eyFXcyosu8
vTU2rTvME5k
YQsRWsrF8cY
-luGnAp1fho
-XSIjWTGfx8
NJJ1hkB69ik
nCe3wfIs6ns
tqKf5JEovbk
K5EthFgeMgQ
DVLLdkNPkTc
nf7FPmbZ9Uw
1DVwcIgSK0s
sVkURNfxPd4
RmeQPGzxuSk
L275asLH3OE
fmA-Gq5G7cY
QLtU2cJE1d0
4I-p8vjQ95s
oSjpgaQfhwA
8t1IuxjYfNg
YxV3iXhU5BU
SOzvii-6DOE
JVgkkggFvcs
SOr1YYRljV8
0UP7e6dsMCw
DziI6qnfIRo
g7xLeSwC9Sk
dNcucfu7BUw
DWANhacemvM
u7JnoRy2vng
CUssEBApVPA
Nt8GoXyT0SI
8ZiUVxmOBKc
hOmhltjkU1o
SbxgfDwsi20
9YUreBjtAGo
J60IZvoIYys
ZmKF7Vhu6TI
dRL_rZSFseI
6uzWI5ghK8A
MQe3wUNk2Yc
3td1EOHQzgs
DSlKDauAcrI
E1cN83iU4jU
nHGXk2DtIhE
C3Rnw2Phjmo
BrzLY8amMWU
Ktj050DxG7Q
dTRSNJa-NP0
SAFaipfXN_0
GtTi_CtVkCM
TMeJyrPmwwM
GFcXaU9pQiU
OxcvUVo4mDo
gug67f1_8jM
HcVA-4mcXQQ
gMAKamGIiMc
DkaJ6iK2CJc
Cg8KQfaT9xY
DPCL9kj7_bU
xXsDfTPERq0
O6waiEeXDGo
SKhcan8pk2w
Z_TjGRPPR9Q
0HoUqdIoCxk
Qb0rcLLZ-rU
-cCzKEJnjR0
vGP8zrR4V0k
oKMiCFh_R0c
BsvYEkTzmGQ
kKTzWlYRdQc
mg4ICY0kZIw
jvq_aPX1oYk
EoEeilRkBUQ
DbksT0WyWr4
tJHk7CUuUQU
n7OKgyoQhNs
Vf11-IHAsSA
k1DRAcBXwZk
mEugZVAa8K4
ZFgCRKX8_f0
9HzEHrUBQXE
38XWz1IL6j8
suUGV2n5lf4
A0OntGJ32sw
4EsWOOK0N7I
MYsk564hJ1U
meyT3ePXOtw
K-hP727tv6E
S_AFc_BXht4
prxOkkSlF5E
Lr1PiSJ5VHA
KMFpbTIpEnc
KqMWy7OWCuc
2eX0scAsYJk
_ySbzVXiwzQ
iGl0Jjk9cHc
msJDABAnWVA
mK6wzHBrGnQ
JHir_ICWaUY
u_IZuPwlZK8
3WL-zbWZvN8
kQS0bH93fEs
MO10KOoQx5E
4Q6sfa4uK_4
u0TVnUgQobE
1paRA_Ejpxg
53I4EixNsBM
1srylwNbGCs
Lks97-GLElk
tXcUSWTJWbE
OoVnUdx2iGg
fRL75wZfymE
cnw9D9U_8Os
CdAgukMK1Q0
qV2sqVtElLk
DXyUR75K1xQ
kIZT76dN3iI
4_TKJ2mJbe8
hQ_RD0zGQBk
NOReE-3EBhI
TWJ-k2nZ3NE
xSE1HawHLr4
WwfB2MmkKY4
_7vPNcnYWQ4
Bm1Gkp5spfg
Yiq1llD0o0g
duoPlKbGFZU
kzdl4IUePEU
hA3q6VHqLoQ
qfi6JMjE78U
cgJqtO1K2Lg
ipQBP1wRFNM
2jVRYNRjo78
PnDzUhmP26c
yZTxhNGPivg
AR0qfpzGsRU
k0t6HPyUHYM
J33NAQ_q7QU
f-aoOweLgJY
_RrJSKr-o8A
wzX6Y6kFehE
rAuVfKpsMmY
uVrX1XE9f8I
uSww4YKTYwQ
buX1xHJ_CyI
ulxfvF1c0G8
RhhIwEQLbMw
FqdxxSWKmw4
fHkCBevUD5w
kxcn3eAYGJI
nTzGXsXYfXQ
e5OyJxtyNro
6PCxGE4ABWA
kPLDsgAEiP4
6geovdQyaKU
bgNzUxyS-kQ
epnnVW95nRY
dtuy09mqBPI
HXEAfCGzw20
uzB8-BD08d0
gLZJlf5rHVs
e89xnSkLXI4
gjnEizcnr5I
RPlS94sUTeI
MiXrAWgpP4M
322Lfn1Q-fE
3Qec7Gj4DcQ
QbTiBMT7OD0
A0GZ0yIo_UE
4bfeFoj9hxA
4TN-tMYVpBw
W7wJDJ56c88
zUZXV9lPpeU
laajKUXbMOs
aQJF__pky5k
JWpl-f7Wtbo
BSN2T5QvsnE
jOc_ikU2pMY
ku163JpfRYI
j4_hPB-wv0g
5CsD8I396wo
bfpSpzqo1lU
XbY_-BBHGc4
zQN7j2_mafw
dVBmQYz-ENI
WAbkzPGhYFI
SvFHgtFEEj0
5MVfMAsQSug
1oZUfLCyQAE
e7uuau9Il2I
p7wo_E1p6d0
BUTHtNrpwiI
NVlk2U8CmW4
KNnphTvHWFI
R31FqK_ahiY
Ldx8ZO3P_tw
GfMUjFvEUKY
CHbh9dZUcVU
aK5AnViPkJ0
Ty0JcR6Dvis
h7apO7q16V0
xlVX7dXLS64
aPQY__2H3tE
PMMc4VsIacU
LFKZLXVO-Dg
rf6uf3jNjbo
Q_1M2JaijjQ
ngCos392W4w
Ij7NQ-0mIVA
6vhL-RxHy9M
RvhpncC5jZ8
MRUqndiwd0w
wQBaWsCl_aY
cI50Ecmd7-0
RsJTxWJfPCY
y7KXLz4CkK4
9O--R7E32jw
15hixt5TMKo
jVabPEjDCHY
_BBywED38O0
AbISXsWgrYI
ftHdl-14Y-E
QKhvUZrMoiY
XaGm8DFFLxE
e5alDfl-hwg
vhAJKW_bhH4
EF4D7UxqEzU
K-W7T59jWJY
ATQblGOjMWQ
hp7NXaVRqmE
mvuacMvo0TM
l4MCPPqbws0
KZM9efTQxTc
FFHp4tyZGQM
qAmr07Rg8PU
cYzWCUy_RCo
7YwfmmWnwz0
4b33NTAuF5E
yz8_IZbRNpA
fkDF9vrvxFk
NqXTAGUDQuk
DpRLitJY42c
yY8Dq674rhI
n3HN4NQdcqU
bseWFCHATzU
qh_SgLqPVYc
OpS5XdRpjFY
W3OQKDaTPqs
j5xghFlo9q0
lW02RkAUjUk
siOCQhseQ3Y
SjpogslJHuc
C1FOjVONM84
D6rR7-2VYCI
Yg-IGR9x1As
toYV1_fPgcg
jA4VXWogBf4
haFErVbxnR4
c9AbECvRt20
SOnKSBYawKc
H86vTCRsOpY
HlfsDHzFN1E
VRYL-LOFAG0
JzGZqTXqhqY
4LUbeMGCOcU
15-1AUOIaW8
bMTW6fe7DnI
ICj8p5jPd3Y
1FVBLmFXlig
6rM2elV8pGY
-9KnQTIUd1k
pOr8AZhifZA
9D33R0Me9Bw
onxMhOheQsQ
jzclHxki3cM
vtEEQ1TnoqY
ucn2KzCDnOY
tYrlxZ8jw8o
8wNV8hjnJo8
qEfPBt9dU60
D5xX6nRWDko
63TQKWokqeU
AUPR0E785JQ
uxQgDucdF8Q
6Gq6wsz8o_k
Rhk8bgkxhis
0QMYImDCFE0
i0jQ6hn9wsY
fin4JVqGWlg
wxUUeZcSq28
evxA_FjDK1k
K8cRYofYJw4
wGz6iNAxCPU
klLHCLgedSc
zxcoLsb695Q
0fQK0bEeiPw
yWloxioDKlE
D07aJB0Blzw
HCw42mbK-AE
rVKO-jRvC8s
U_Ph4ixQjVs
n_g28kU02JE
L-RuvUkcyJI
Utm9QbLVD74
To3Zr_sOUY4
U7uhjszukUQ
MnBToq5dSCw
0BIA57IGZus
lM0STV6qzxU
R7lLU4x1itc
44WTG33KtpU
FY9LiXULk4g
94HbugYgs8A
P6prRXkI5HM
oo3WV7h5im8
bslmhvNt3kI
lpMloO-aZAE
LVtAG02O_s4
nvKfxoAwiGw
i1sj18Wj-Gs
WQ8Xgp8ALFo
RUMewd2iZ3s
ECvpBklWuu0
pAOK5fE4VMQ
lG4VkPoG3ko
pugs7xhZFII
MfgkyQrtm5g
Sj--Cpm_Uj8
ofiT4OpXR-s
5SoGct1dts4
q36m4bFw_GI
oyjqXNctk1M
uYyC1ADJvjk
jQP32PtBdMw
bWYt27MLcMc
JTmxA2MvEqk
lwsRRyHOkWY
9L2t74FM-Ms
fDAaMN6b4iw
zMAythJxWqI
xUr5ybkz9II
SL7BAWsnWTo
w06pcb632X0
Z6RndJ0bsYU
jp-Q3LGEQds
sAKfW8itE-I
cR5kru8WHJQ
GL9vXZbDXbY
fRBj2RY_YOw
toiczcVXqLw
Byaxa7rx_Zg
vQ0yia6XbUA
AqqaYs7LjlM
yzMVEbs8Zz0
7TbVNrfCUjM
cpw56d4rUVg
A9KgrWMujuc
j949ik7aODc
nmG7fZlKYeo
OFJlqCpJl_U
iqBh7G4uDR8
4Vt4YZ_dfGw
6jb2GJoWeEM
VOw4A7aATeE
Nutapr0ralc
FEQgHueobG0
KmhzHgFvuj0
6ns2GzOoVU8
Cq0A0K-gcZY
kfJAzmb3O5w
exIPrSdH3b8
GQLBJAJMJFc
tSBaQ2z_Cco
Qii3HSSxws4
JFgZkdHk0e4
QfNRA5AibzM
xIOyc4Rklqc
nZYz03VpZRo
q0_6o2KXvhI
MzlRs65atzw
QsyFNuqIs_s
2JxUN3r9vZY
uykM3NhJbso
kEDlZMM7Xec
6zPj3f-42_s
vh8aG6Uluto
bM28mi55ijw
6kny5h6dR_o
ZY3RlcP_Vfw
L5xd5yejPBE
gdDtoy0k8As
VcBMSO5tJcE
loRnL5RXJ1Q
PE-_rJqvDhQ
DImKAMs6G3Q
lJoXhS4EUJs
kChQO2IcWTs
tsZfFy6YiOc
kxrkZpj8R-M
OIEIr4wtVvU
19k8wHd2DmE
7IAF8YPhcrY
rBUsZvMD-Qk
6XQi-P1DjDI
TB1rVQbKzFE
yTWa-Z1UQwU
l7ThSsvCWr0
bKl6kBX7o-U
CMKw77fbkOs
tWarYlf2BgM
WDjA1AfntQE
A363VoX09e8
oDfJwD0zyKw
aKsIKQ7f6Ig
muqDRWilXLM
EzSAwrGyaHk
EdjqLKrnSMY
-njY0u180lw
magI2-2aewA
uEg4pGpso6w
Wu72wjC2kPI
RfeyTa2wCj8
Voi_H8hoBE4
Rjogmf_izN8
j0C_j7K7CXw
LP5dK1w66TU
VJDOdH8t57M
Tq5d9llY9GY
oA4k_wFOHCc
tK4UDDwdSLY
x3cIK1UFHqM
3n8VgG-kPrs
51PPbC4snd4
zHL9GP_B30E
OFdZTiikf4w
hAerY2XmHLo
RhnbsjCefTg
8buse5d0ch8
NKPg26Wde2M
sbIFHHyIivI
EHYOk9vJPm8
IhPZylJX_YE
ipPBZ4a0SZ8
mbC_sgABwHw
SDD49zEp3Uk
pRzelZlKl7E
FUgbXLq5QHU
msYr5jLZD4A
CQYg9dQOSp8
4B4iVH8tgIU
8tMXH2PfmdI
BwXB46XcjL0
aR_69wfUSLc
jPvWZpp1kc8
I51DuprOb0o
pBBfv_qFR6w
ixkQaZXVQjs
JRO9dZkegyA
_r1zZUI-0io
Fj-I_nhoyAc
Y5WI-Vzu5bI
_j70sNWkWxs
BEtN0qvUoFQ
79VTOVGcfuQ
cdy84FXlW8M
4dtZ4TvftlU
4lAu29oAp9U
9Wi6XAyV_R0
i2nvk0XlTXg
I2NUzzsm8LQ
oOiCACmjKBM
W85CE0-TFac
9_mQUAAC1RM
DVU6i09mYGA
PGmfBzQdAnY
plcc6E-E1uU
V7bl2kyyWmw
1QygIJwCj48
0onncd0_0-o
aOshJaiY-mM
Lo63uDIiCH0
mfg-RG-Rxmk
P8mBYPWOZyE
CcfpnBh0Dj4
3hk7vfG8o8w
QWB1AvfM-p4
3dIVesHEAzc
3NP8rrB-t7Y
vcvTlnrl4qk
AJnuTu5Ul-w
QFyOa1BgDko
VRcqlUWzE-4
1DaY9Ucyr9Y
kTXamMFe_co
TSIbzfcnv_8
k2ArWwGN7lM
LdjH-xDP6uU
RL4j4KPwNGM
eB81KEMerRI
TSm2zAIyyDg
DogKdiRx7ls
DNiGoVohCmw
_tJ3DifQ2CM
ed_cXJYFgxk
Oa3DPRpvOxU
JYjUt5FoRvo
xQGbhiUbSmM
SsGtfbnLI3s
_EpcdVFnoHg
BY7dpyTt4xM
j25phSW4uek
udFSqShuAq0
Un2QexCZUCs
Nfm7YO0PqRU
Qdp-5mAGSyI
eED4bSkYCB8
-2qVbAyaRtc
UCGwtwhdM1g
tkPvEbT1bdU
UtlbZyevOtU
IMgQBVy2gHE
HbZ_B0Tv6Yk
Yz3H6KJTEI0
NoRpKaF1rDY
ID_kNcj9cMo
AnTX2mtOl9Q
cV7USzll584
8m5t9VDAqDE
JqGDb_noLuM
PQhfaNDeEVk
sJUZfAovkOs
woFIbtwxvfo
gSn_uTxyxoc
h-iO7Hol6H0
LsSsUsK5AtI
ajUTo7hS-_c
aD-V2b1ZUtc
lEwTz1hDOGE
O6R7dNrD8As
it3YzksuMZs
2CEIiKjdsPs
Qef_A3B9Ohc
y5GC-HlaOrk
-Zr7PHNAjJI
jhIQ1638cOU
nzFjIqwWQ84
Gm1kZpnplas
OP1--La5SzI
HucXqxhSGbU
zzD80vCLq0Y
whtGaNxoMRM
I0DCxCPhSqc
WnhHAZMNC6M
6_MwxFIUVS0
2XFMVPbxI18
AShuhBMaGlU
w24zoVio4lc
9tH6kV4pmpE
xB9tfi_Bzs8
-UdxypWKV9s
Q5eDxR7bU2k
ht9QAfQpCnQ
RuN486uOCQQ
8464ULP4EJs
ryxkGwRJ-Ck
F1Rvee5YjPM
VsnEtXhf-NE
-ZYmA39aenU
ZwCWHJ1umMw
6ePR2TWYVkI
haMSlTqcrEk
ge734R4MwVs
AsNpDGryOH8
ntFfKcbPvmI
f80DB7hcaZk
AyhHisVMSGg
6ebSIw3hewk
d1KIn6ya5Xs
EUXHiuK8aOM
gx2V2L2D9io
8wYZjOzfTUk
YMO5cwIeUTc
krD0UtusidM
K0sYI2Hl-XE
_OXk4RKZhaY
ci-w2OcvPXc
jI6ZTo1APcQ
UXGmW5aSLY4
sT5yPfWqfH0
SoFxooQZVlQ
HzRwKt2NLQ8
xQ1_eUx5n20
56d_oRemy3k
1iuzniAe44Q
CejJ2aVRUE8
_0TI5z7VUtg
zglNN5OyrIU
qFvtPVdrZ1g
I1Of1WRo38s
5B1H5syp4PM
SgqflcHBTwc
RVT5i4nhIGs
uH6-GQ1qFH0
1Miqn-fqArA
d80oXSCcHTk
uE25TnldPok
1pm1RtCuE3A
xmrSv76yhio
8v1iTLJLjq0
eEk5-Jd8Otc
0AmXozuvLHM
u7RryFbHhOE
6mEXBgFsWzo
pF4S9lc6r8c
RQFEtOj8jh0
Jzfpyo-q-RM
HINDJLRLMaU
-ph1VvlF3D8
VVJ8f5qkibE
x02fjnpqiyA
iX_j6lREuoQ
WazgdQWCBQo
J8bnNLxtkGE
vvMMQt7BwGE
_9pWLqaULjQ
09GhlBhbgow
VJkBzhVFBJI
66PZJYL4TAY
GzhAgldy0WA
QSPtSNqUCUw
NLF5nzbGVKE
8ZHQczlcl4M
Vl3df8y33FY
8PnNeIoZwx0
uROeW8-7Kj8
-J225fdsA-4
vi9gHOsPWQM
4PA-ZpK2i_M
ZSVX59cjvec
DbtrgDxkMBs
p7hZ7-9jg0E
vUXaQ8HprEo
7XSpdSQ5_Ow
Uy5p_ZaSzj8
S1C9vXkg-aw
ziQSpuST6Es
w2TuOXoBuIY
rzykWdByebs
JbrYEGocx4I
iRvI2uOgCd0
lGVNTV33hBo
DVJM69SMPB8
tCQ2I_rga0k
WLrUMKtcjbQ
TdkfQQS3rU4
qy_S2i-A7sM
gJfe5zD3i4M
wsSTyYfomxs
kik51Tziy2Q
DBm-jEtYHig
7okThVH7IP4
HXFB6z-AAsI
1EWoxSBtYCI
2im-cbIl0Qc
8nqEGIKAO-s
YTy2cBJhbvc
J942FDFowk0
qwPg2Dmh-6k
ZfVjN_cAEFo
ZotV5Ufx6m8
t28gvbVeE48
jVH2G14sbAA
krB0enBeSiE
lYsCL4WIChc
nOOT7qPFNqk
dPRzFTf-X1I
PQBWkkXSfSY
wyXN3I7Ws9k
b298fIFxxxE
FtWItOc0AY4
_Nvb5H36arg
QwPtO_j-wjo
uq0dnkv_HeM
_ed7UPIMzzI
J1QqeW9Nm9U
BqL-_eOiOKw
U6N1vIDgcmQ
Qf15ARTrgmU
7wvapBzrgxc
d2bYwYxqJCM
OncmwgO8Yt0
8LMYv4Ogmxc
6QgR6Tjle7g
ttZSonp3Jq0
0uPGqIpQP7s
y0Tda1vhjhk
vsTTXYxydOE
MUgjwxFoz74
KkKLKM98GNU
A7cwsQG5MVY
bOhuq6hHo2Q
QxpPYnMWe74
mivbLY1aPWk
nR-Ww6kGxAY
8YUc5-XaBbI
zXEnXEfVBA8
4ZCuAbjdfsg
Id5ycvP6ro4
RS-59v7Z_k8
A2pO--ueqbM
WaZAMx_pgZg
UOCpBCucF8Y
DDtx7CWyks8
oCdqFBf_TQs
46s3enceDt8
G4hL5Om4IJ4
kFSq__fKz10
VfY-seyARmU
gUniyZPD-4I
XUEfppwpWfU
yZ51zNoZK0o
ak5TFr26BaE
5xpWNQkAZLA
UoosVsIwgog
VAdMgGMsXZY
HY9i5BSC2GQ
9vdFfunukkc
vMmrQW7Wf9c
orcXdbybVaU
ADMjAuPErNU
MlPjBXuVMsI
SU-NEWjoO38
XH7IQI8NRRU
g3Ud6mHdhlQ
hB6fWrObqk4
weqW7R1qF0s
A5eQfAIx8Oc
nM8UBjIi9nM
6RpYFz0d7a0
sf6GfgO2TaE
K72VxbEPDgk
hTOQumreM_g
xIBxNTrrz6I
nkwOWHN29dw
OATVXI65z8A
dJkDjVbH7Kw
ifX_JnBfxTY
anp15oVASc4
cvDyQUpaFf4
1O8zAm1Sp1A
rA2Nb1D38GE
xMkW4iJzot0
FHiRZdMfe6I
mU1bQ8VGAfs
6so2b4M8cF8
blj9BJb8dNo
NtaPROZOcmM
Bt7019s8lgE
vInHdz8lQFg
hSjbuccvR5I
3zu9dtms1Og
CQ8mLr7R_SA
T5oacokYj2I
2Ys1mrW5M0M
uHImfaBlMLA
PtKE8DmBSvM
KM3l9NjNXkc
dWYNO2AYsBw
2vYVskFz1f8
k0W-KjMq1JE
Q-577IBpP5g
7MqeuJ_IXA4
c3iYM4_AarQ
CdlWuYOnt8o
_sfX9MXTua0
1RbzPAGT3WI
8SoV3BUfw-g
VrxpZBUX-fI
iqFXz2YmJtM
9JVeK-faqrg
U9YiiPKbnmo
gREHuBV7rOg
-olTvJ9-3hA
ClxRHJPz8aQ
UE0ktBkeo64
Aom1uaythK8
C5nJZiqQ-N4
AIYg_vYprmo
rCeKhwCHA9k
YJWPowbCK_I
stRUEzdIMMg
b2kdjoE_iBE
_E56oH_4SJo
3Heaw7JCziY
VbsmQFNx5n4
ieJEvpPt6Ng
kPDrYjKv96g
IN8tjTk8ExI
r39yoPxBPtY
FXCitlsA7eQ
mnI5wjizlyM
Uot3Cs9YwOA
2v6tEf_i_tQ
sxdKm48_bl4
2tO2sT7xX2k
nzJgUcPKGDM
6NxpfmzQbSQ
QwWkfxNZnJA
gaRdAjcm1c0
k0iyD1U86JY
ylJFLTHeNLw
adT6hv_VvE8
Wd1kq_7GLpg
FveqZEnRdX0
GJZLmKuJkfg
527C1mgvpU4
MT0Wx7LC-u0
y3Umo_jd5AA
fkEs5kxHvac
rgeH_d1SuTo
VITyGUXfT5Q
bIOsJ8FVHIU
omiDCLxcDqo
-eoHS0eHsD4
YP6s6UiGslg
JN9Ty9Rtd94
iRpveuzSH4U
_ecj5S2bCXc
v7ytqtDJ5Sw
G7OGjZAwp08
H8XQkbnmOKI
YYMQ0IPxvPU
kmmS1hX-MyQ
cU8WDxL6crM
IuxCI-HB_kM
2Hh05wKjH_I
d8Za8hHGMVs
FcByAxg1I0w
_Qz5k81MYCk
q7635Qsquhs
QhfnoI9rfVk
Siv-ZlsgML0
mT463_qTYOk
lkiTJzC0sp0
wmvkOOgAKJM
Mixwj8xBr1Q
WznroG2VtxU
JM9ZeO36954
jtiZf_pK1Do
m2nzDJzRqis
bCrDDXTPp0s
e1BYAfrUwLk
ZI2Q5cFqx9k
M6T6CSiJv-A
CIsx5izE170
5I2Am0UCCpo
49QR5aOnEeE
XJKaKLVW5PY
6UCCdBF9ER8
WEJEUBSXxHQ
qlVnRIaFV60
SbDrBg0u4Vo
M-QhBrbUoM4
t0FXrycSi0o
n1mPI6tgPJ4
cQxLRVLDD-s
AMIi-2hv7-A
wY70NCW98Is
7aXbh9VUB3U
9TN0mb27TuY
_gVrxJ8RimA
WEnHBHGokVI
sC9JH-Sr_2Q
C4-s-bMkD2Y
OB2Ao4HEoCc
1QxWRBmBY1I
aw8kRZEvh_s
9Q5AK1OWPNw
DnmEgfCBwA4
tIFPSmPPCA0
ZfawH9NsTtI
3HeqwpngI64
bUIdidiOpT8
EP-vKnhYyqQ
7F5GiNuUn64
Er-EiIq_h_4
CP8diSy_1KI
-LvPuqwpYq8
quzvmVqcu3w
wzBqgiaI8PM
0yFys_q1Wx8
fiuFhm1eGcg
iehiAU2oswI
5UupyVn-VAk
Vtqa7CKQa4g
tIob2_Rze80
GvV9EHtcPKc
VB_GWz25B3Q
_PCg4sxB4Io
saBMWcJgosQ
3uKupl9Mcjk
uYDfdeySis0
rH2cWwskguY
RzMjLrtiCXk
pyf_T-rhVK8
eWl8LK6oHnY
7g4BuEnlscc
aXOAUA-_e5s
DaOt7d82c1c
ygY4RbCxiQc
E1O7drOA5s8
bAGqLy3muGI
OpJ7hnUz6vE
qjkvvHAEz2E
xBqyrN79iN4
kJOZ547WO7w
tgy3GmJgPaw
eOuai2p3qgw
rOZWnaVwmN8
GdvF-PLAfEU
DPiW4NvEXMM
eGUARkdXgv0
95cRvjCk1xs
Q98FTs-4HPw
GBWXzLfkKLI
exi-MXzh9HM
a21W230t50M
VBVT6YjqpC8
MXS4P2yvME0
MNmLn6a-jqw
IoyW8XYGqjM
6HFvCS0UMqQ
IL42FjqmDYo
JWQvTUtVdWw
BP1Gu6kUABI
tqBPmAZZ_Dg
grceJbuPUXI
T9SlWk-IwkI
ljv-2sEO29U
jrb1FtkdHV8
7R88yqmcGrw
PRocOc8gfpQ
GUQXo1sIhhw
m9-aeC62ba8
V1wL6BX1N0c
HPHWsSJlpSE
fkWf8T4yL-E
zN88EtZGUkU
zNdhgOk4-fE
j9OicZFQAiI
5aYKRa4ssrk
Ncf0AG9bqSo
LFdexijb050
i1fYRn0sGtQ
Eb7FOV6-QaE
5wk6KvTDq-Y
ESgpTh7zQ5I
Cxkep0kh_tM
u6Q3sNtXUcQ
pWMB5VbLb6w
RrpfYNImtl0
-Rcpsw-o8Ks
lSSLGkMd04A
UwXdzWaujJY
s4z0KfPnpVY
LMmrV3elGu0
6pKKnVg1hzE
Q47oDibX-UY
WA23nFMY-vM
RliQUsPRARU
5hR8gyv327M
giZ--0s89R4
IMZBSAkX96o
qVOR_ZKcZBk
ysWbeB2aefY
neuULfh5ApI
j6snWhhSk10
zOHemyYf5AA
TTUlKx9BhWI
Fl-hN381CAU
NsqI2DPvt50
9MvEUA6ZqLY
xFX0tsC-dRg
VBkFXY6H9jY
FLPkfnLwbx4
l6TkcTcF_R8
AUMcbfZPZG0
ZU33ejJPvDc
J5c7WsD5WA8
ykNEkiYr0QM
CKl8-nB290A
fecjqJ1hMCI
VHg9sfOzBbY
7xNH_JpSQZw
tdix9P_H7no
G-rS3GFslts
Jzgqjb16Oek
Pg1AlULl0mg
R39FrLw1p4A
prQ6TvUeMec
HvpCPOkjsgw
GC2CYop8s9g
nYt6cIQtBv8
Iuven0crywo
eWlM2Bbf94c
8AQobpqySAU
h3p1R_fbFNc
9I9O20G_8eM
7rxAS3B7MGs
M6zOOqwU34Y
ezqO5BTWsZc
I1CIvcNwnf0
Q5VsqPcZsC0
wrf62nSuka8
GRcxwLHVU2w
ugx82hz-oMc
QtqBTtTOSkw
U3DvU1rSNVg
OLkOSVCfLWs
u0IXRCPXp2E
upujz-rku-E
6wjGF7s779E
ajv46BSqcK4
maJRJNcIpno
NA6_ITWYwnE
HrlbdLZfHuE
0UGCr8_2C7c
Vqyz4q8VKaY
EAkfAx8XCgA
-nNiTn0_41g
gsuhYfkaqL4
F9myjgeI9IE
Sfs854xEvC4
YBqrPtw9kP8
IHg6ixt3CKc
cWMo2SzgzNU
M5qoatSAsbY
DEY6sTTLnCg
pLkGVw3TorE
89Khm_OP03U
S6xpqWQ4OS0
HLufirFnBFM
VyuQbCb_aAw
9vb_OIjK6xo
LrVeriF2CxU
_Vnw6WrNu6g
m76CkezszsQ
PPwQvzKnr78
dqGiX0ZMFUQ
NGdXzqwpku0
MKuq-d7eF2M
jQj_WmhjTbc
IPBEVHaQKgk
X1GSzo9GgjY
VRo-lnBKhLo
DrqdHVeBkp4
HhWDPG8EROw
X1u-9YqrIJc
6bqBsHSwPgw
Y06VHj1GvLI
_E0mNSMBmFQ
Perqf0dOGLk
mciEZKSvva8
YfvTjQ9MCwY
JiqXOtulLJY
EoalI7IDN3g
LxLrZ7GCtlY
75KygyaszSA
Rib2Z7NxKD0
MSPMk_mLv28
ygjiViyVDyI
F4tnsng3Yv0
c5Ny_MnWsM0
BWb54mUToHI
TMnMz1e-nSg
JJ9oAsg1Ems
9xstHCqpwIU
kPIDieK05ik
Hx28-z6URoA
UOEpe17nPhE
fmFL08-ys2w
OI72K29XTnI
Co7rHv7ZGUw
tgEOpl880KM
wJhsYHySVbg
FENhDgCmPz0
uqb9we2gRzg
AYWTrggyo0E
9XmLLs7hY40
oXPGfnjliMg
ThW2vBFRd3Q
QatVVdvi6kc
472QmNs5RcY
Cct_vXCJOFw
Ms65JBrevYU
ziwDZ--sikA
cPpzbWmN86k
1lw8p_VDPgQ
Ga9VD946Gps
aZRt7qn5Fz8
Jh6c7OpANNY
ZBwYaw-LuGY
O67CJ8WeGlg
dfw2_GaJG10
y6ilXFelQ9M
mDyBbGCiBUU
fWm9MlNr8GM
jVpr60R5i2M
O85OWBJ2ayo
YpexGoyOvig
VrDkyiWfcvo
xke0QE-RuEg
9Z3f6tpMxKs
K79SwKo4l3I
tE-GSQhJL1w
Jsm1idMYsG8
IIy3m9xwgPs
zcvqsNIyuno
Y-zf3LSORwQ
NM7baCuDetU
I0CF6GVWkb0
-icPEM_wiwY
xc4hmQxIsng
TFfccAnAKOg
N7dyOyiPNl0
qjhdYHZ0VKw
w1SB9Ry8_Jg
8pox8CmjBJg
T4dWFMFxu3g
mcUwHR4S-UM
3HZSiJyjEQ0
5DshuSzfGnI
ix68oRfI5Gw
h52eQO00SVk
Q6-w5qeg5vg
2N5P_iWkluQ
tcOzVXOgxpc
7uSEtt9XIxs
nm7Yo9k_s1c
phYiYQtSops
5tjYo5RVduw
FMsxBYTo-Hk
twDqFhW0xS8
KjLjUerEx4I
LxfkVoA_V5M
1OdmneiEmyo
zN5LdqhaFuw
UiDoArUJQNc
akQOduK6zyE
QoBgSWkJyM4
ZGxVX5DbkxE
dT0VFvKK_U4
35542tfrvBo
OyqCXB0_dc8
NzVpKpHUlSE
XfTW60kJG7Y
yjbT7X5kiWc
afcOiZ8tpMo
Gf71uVMrx6c
Nou8AEqT8YE
qI_kCK5gDsU
iP-bBT4iCxg
VQ-H2-p3RIA
hQ00SQr3pEg
wWKpZz78l2A
kuAAIgU9ilw
h6CmcSeiK0Y
rxBKk-CImuk
HRdY3mCIGaQ
U4B0i0VzXuA
Qyn64b4LNJ0
-T0AmnT2rsM
plivV0iFPZI
hyqeMbgHnr8
DTLqA_cnEOM
yHooXqQLzRs
XpkVhmbLVTo
Q0weogFs4_A
j-tR3-LwP1M
lywo7Xa2w_Y
7Jzvit4gCdg
n7L8DtH6ROY
7jqZeWae-68
eBVHDsiQlbU
tqsy9Wtr1qE
zrrs9LGIfyQ
hLDifD8nz7o
A_BlNA7bBxo
ZIxaGgTY8UM
9q3_8N4YZRI
hBP-NzOadL0
DvrkHAWj1Sk
pE39KdptM40
KPQcy0dylrM
E62koYNQm0U
M4rMif3f_Jg
7Grseeycor4
PjZcPb_u2ow
t6DO0jlRzaI
miDDDRKlsnM
QWoKcfEtlHw
WODztEweakQ
Pca6Oq_uu5s
RXN1ew6XctY
QZO80CZB9Lw
CODGlSz2NNU
TWymezMlU-8
Bn_kqKiM-Qs
MuFX_0OCGHI
eovlBLCKb8M
-vgGCdUJCqE
ckCpwG3CekY
8IHanJRxlIc
U5LxOKu0jsQ
qvP_S1mjfG0
ex9rnqP9k-8
dmVqpx4YOY4
1K9-B70vzHY
EhAemz1v7dQ
KodT7lQyYkk
wfS6lH_vWCg
hZ22y5ehfrE
lvyq8NsT13I
HHqU6m-7Tb4
_eFPDqlyWjI
Yc5Fs8sfJHg
h6gzq7JKwpY
ucEqrvvKMyM
xd6pEARNSpo
3BobPU7RLkA
QsD9k4WjD6g
woSTX4WPnJM
rZozRzw36wU
SSqB4GQFYtA
2uEqYw-N8uE
XeYliwAnDn8
iOc-4N46l10
OeH6Ki-PpJM
x0y3v7kj3EA
cqhUTj2PE1E
Q6imB61E2iQ
dRmfzei62VA
rTGra-ZCrws
0m9iM_p6y34
AVuzaXfUqhw
5ghzWVQmuuI
DYUy86f1y8k
sbrgBHDXOdk
AaT8uzSn77k
fDfSyYwM774
T96_qaee-QQ
quDtGoFoOZU
gkhcM3SWHQw
E6Rq9bz2jLQ
exov-t5jhlk
JN9azoFUR4U
-lWYGWpWOhY
__oPmmtJ5Ow
gQveyaWDhnY
duDn6fYZyCc
EwOfNq_racg
BD7VA8xPgvk
HrehEWYj16s
zaOI-z1xPLw
J3I2tyhrSJg
ONW3x3nxzl4
zKNlPrEQwPY
D0pp8pKftlU
NfassplthxU
VB6roolN62s
4hx3LjejWRo
Qvix_swmYD8
99KB9ct-e-A
CY_LEa9xQtg
OuOfb_j2JSA
RiEmhrwSGXQ
J-JNndmXC8Q
iryy6D97Ol4
_qHOOknI-x4
Xu7VudAc4DE
z1kbnaFgVOY
BHgbashcV0o
UcXAz06HMgc
cWZRyKGL6dI
LcuBRQtVGxk
-n0n-84MWeY
dbyUNQa5hes
pAHYTP1-fQY
YhcBRPMq4-g
zfaEqXkUW_A
lwQKAgkJudk
bBSvThyn5vg
fOZmiaHwy5Y
XbyKRB5_xVs
5aK7noo4hSE
Igzh6HGiZVQ
Ri7yYM1CV2E
VaRKxtXO1qs
QjR4dwxPF-Y
K3ZqQaXsKoU
1yLSLgeFzYY
OokmtpB2xsY
PATIJQ0gM14
T6AV41FkPUU
tPCQA0VdWk8
fkTK4F7Xqqo
NfJUjcVwAzo
A_KO0v7jSXw
19-G-iogEd0
1AazqUAs_p4
8u1RqzpBSSE
lE-dMywrADo
vBGe5HywgCo
rMCiE02abiM
z342ymlmsZI
IxXaizglscw
hZS6OoD1zhE
qPpohRL9ZtE
ubdeefsJr9I
ZO0ORiS92NM
5EFY5ztZb00
FguCrBrufXo
YwM8unJAN8Q
m7H-x0JpDxE
Pl3x4GINtBQ
rp7a72fkZwg
I7bvJwShiQo
ddk8QNcwwVA
CVLx5MRx298
4Cy3SCy8dzc
RTAfYDcuKR8
NXbrxOjd-Yo
DXv1zyuKVY4
-wKiFBAsKnI
fIPxfzfOTxk
Gqm7cwWJhqQ
pL-QAd1ZgDU
smFMefDSu8I
IOl42YpK_Es
AF78bH_wKCc
NpfRGK3D-wg
VDryG5bOUU0
pXOWJnVSiNo
q_8Zq8zk9g8
iwfQKua9B18
QqsLTNkzvaY
WwCmzwSE98o
21_WkzBErQk
SpU4E_GUJyw
V9-b4GyKp7A
TyGG3uiA-fU
x_a9dOGJSME
mG2aXMsyVls
uUldo_jJq7A
KRqIkTlGIOE
lr5v4AAOPNE
Q3xeNzS8b40
NRwe9m6IkRI
bvq0Sqy1wOo
I3VcB8PvkXc
Z-KeJj8BuJ0
wXSnJjwtCfs
_ArVh3Cj9rw
JahJcodYkHM
Ex-B2sMFHOg
UuQE2X1bTrk
F80okOYVaVY
Xo3C4iB4Q74
Xp1TV5Qwg_Q
NT7WcIJ11-Y
USnqkUAr_3w
flmkQZvN_g8
wuE3O4dI-yM
UuvWzm9po2g
V63DgcINswE
aZBLfE7KjQE
zNHDbXAmY_0
VYJkU0fLzng
69Nlu9W1X2s
AS9GrJMs3vU
TPXTmVdlyoc
u5ktii1zj3Y
DiiCp51hnHU
6SXN9VrOFfw
dL0GO9SeBh0
i-Ecn2S8154
IoNsMghhqpo
x3ChOjQEo_c
Dm1JDfPRP_g
i27K2ry9jEo
SFOvtg1eFW4
Jq9ZKvsJSJI
prJEfwLYRO8
M-en4PW31MA
Q9IZfBDRCZA
wgkarEnfCB0
9bO7hYT2psc
UVJx8T8wTQA
t1iAlf_y-xA
x8q7hHutzNE
55f5fWJV3TA
Sap6sVB6j5o
d6xvOdlFWeM
3AzT7hp_fwA
dCfkthR7X_k
-wZDEoQGKlg
uMYdijiXVDM
3EZs3YpdKuU
-fv-EtenuL4
OsahhmY-_Ec
a_dA5vZbYs0
lm2aireP-wc
UaZsBks2fqw
bOnVWmWNpJE
PaZVyjQzPzE
NEspflvbDOg
Wi9a3oAvUJw
BO6EZ7B5DeM
6bl2ZgpvI60
Ak3fP5PdL58
8TSLQt-CQ7g
e50Bj7jn9IQ
Oihf3STgXqo
KCnM5yRgGs8
NJqMsCaZUww
rHEt8lGana8
KjkvYwHCyIA
ve9FV71lvG0
-cfhWJTDO20
SYFuA3xnkUE
7cC_PIYi-vU
KMff2XehSag
ktuw6Ow4sd0
-b0tQa4kuwQ
E6cJ8MA1PRM
eewdZQVk8DQ
56z8BtxJsZg
HE45jVN7XKM
b0kzTgz-y4Y
ck03pACz8rc
xNBx99Zg9jU
uzkD5SeuwzM
drxzs0Dnz14
ZGpV96uW_SU
6Yk3d5S8QTE
7-ge7-TZMyY
1E-N3L9isyE
1FhNCQz21dA
O1QjkVj7wZs
Ql-LuPwRpco
AUgRrXWFY-c
ZASQ6WQT3gk
Jnx7vAMvssI
pprgrcDsDVI
R-oVdZvSmEk
bQfFvExpZDU
8zUEUBRd6b0
uKjXm7PmVMg
1JNadp_-Ggw
oJ78SzWjGl8
NZO8KjNbwJk
MCVOth77LW4
AV_QB4emVBI
ct2Ysl9IvfY
6z1JwZbX4dQ
y8Y44KDt_SE
45Hd-kQKSOo
KqEvKRjp4l0
ST7vnfKjfvY
KjnV_FViUKw
qjHGvEqOdpo
GJ_v31qktSk
HSTzxqQmDb4
56bojos6bz4
x6KArGgGnys
AWQNDLc-eCA
ZkhbkK53OgA
fwOytIbmMsY
Arb23z2il7M
X6H4l9R3DnY
lPUihqOZsrY
M0SHuHSeDFE
85F0FDsPHf8
kh9KaThAqRU
afo-P33L6hc
qPNxca_KMww
eXa3FNkIZtU
fUkEEckuf0o
XM3i9cNlxmg
F1k29MOssUI
hp_VcE5Zz9g
qBTsUVrCDAQ
rHDCIng0Wak
ApQE1ksRdg4
4HbO7MWafkU
l4H5o0OBwm4
oTw8kLqMoaY
uKTEnsFfngc
yc0hx2vMDcY
DQjyQDBaCw8
5hMb-W9VgPA
44FM2tEXyOE
V6lYWJPQLzg
PJq3su_UTCs
RwUnlPyhVrI
d8nQ2dZBR48
sRhNHEy2Gj0
DfU9mxER8m4
-6M-g1Avr3o
VnwszJtvF_8
VEShqUgHP6o
pLyeSMsi7IY
iVc9FezVOhA
4dC_nRYIDZU
DZKTlO7nMko
uGFPN5rFjBo
Fj161X1HFCg
mP3_zrVs1wA
lMS6t22E948
USYOsgyYiuU
UKvqC3t-M1g
buh1XKCrRmA
SMmY4KXdrOY
1yIpSv7P8Z0
bdumjiHabhQ
otl8QeiCZD0
aOdq_bDkqMo
XpQMHKJaZT0
N41BLL75PxA
SNWPKMNqz10
F2DYdp9fEMw
P4Lshbq27nw
cAkj-BMN7hM
JMr-eac4XAc
yr-bGhTP3IU
1YbcB6b4A2U
Lfk2Kk1rFdA
Q2lME4iN8Yw
CEmHlMyz2-c
eRgnKMj6y7g
yAGSzFLYyJY
iUth-7YA8Gg
6TQ9X0p1_Pc
GZi0gmDcuAc
JXeJANDKwDc
zKLMCO0-How
xp_gUaA2FR0
3ZisH328WQE
c7gQmbygHtQ
hHqXHkx0Nuc
O1JqruIrdmQ
SdrhpThqlCo
sGG-A80Tl5g
cjrxXC3kGf4
bnZQB9hnOh4
ilZ_-bSWvsc
xpVnXJl3GK8
pVXHD1gl6c4
YGq_EbYEaSY
k2Wcu6aGyz8
gahKxbwUcYw
tZb1sN-eZf0
38dhrchmHhA
34kqJ11wSVg
WrV2g--G2kI
8Awdd1ghXEc
qJJV9HpqGKs
a51_1jQ5G10
yzOigqbLPK8
dMko2TcCS3Y
UguzaoQDIaQ
TNuzi-jMXoY
owuimQM_5LI
vHepWq6TUr8
R3De2cEGd8o
WIXxHqUYA6A
K9LRUUt1OkU
bYxdJ2HDWT4
2A2NY29iQdI
O7bNRwjlAYU
Yw87EI98v9o
hsz2YaivY68
Oaqd9f5K1vI
RNSP47_qkWs
eJMU0kMqsDA
HJiyhA6agRM
S-EmI1AuOdg
Tdz7xtACZfQ
y_cqQNwnjI0
LDTe8uFqbws
wWGHP3i84qE
NBDsNko-JtQ
MUaTOoVmg1Q
gvCLoR_349M
9e2EgsKo_qU
Cp4WGke-Jkk
qbFP_TcGi8o
6Q4Lac0MCL0
x_dOwcuKEg8
EmxrEH2YTdA
reOWa8H5K8Q
FTD7rLTRwgo
kpQ3Itm547c
DnPBy2-WMVc
JNQfbj1CYoc
D9JfvOn_qu0
lHzSI91pyUM
cAdG5_QHmyM
V6YXerm5ffg
OO3XXOyElVQ
tUdjLiOuCeY
RvbPkzb9sUQ
eTEt7lpLP8A
cRz7iiIkK5k
Hc-ZcjsbJh8
CsVCffDxwk8
3RiUfRbzx-I
34hL-IVBAhI
1M0lZDbqseA
KihaAyW-LhA
wc7WNOdgOB0
GehDJHNEBWU
-PfeE_hnuio
QjZpCzDlXFo
mWODT42pwKM
Lec9HBOMhLg
WzNLBRIj0fw
CbQmNE9lMeM
T4peILzG5fI
u6GVYTsxEhw
CBRIxA2cbEs
XW0QZmtbjvs
gDjcaGO5HZk
0b-B_Bg31Zg
FZ0KUxuL4U4
qaiWBtDSTmY
ML6WPQwrfkk
PTBW4AgHfQw
3oSd88Wbc6w
guIB8XyAhnc
xtKD3vHxCeQ
PekoekWexcM
Ya8Z5SwJpVc
wdgULBpRoXk
NoilS3nbxs4
WgwJNQmAW-Q
bFv2z9sn2FU
RXSM1T5pKX4
ANzucdDJCr8
V0x4pf1J9eM
AB4KX-CpGm4
jhKZIq3SlYE
-KzKQLLOlRU
-wGxd9Fd9PQ
SgwXTg4qzVg
iS7oOowERB8
XkELKJA4qpA
3KhYHWjoplM
diSflLhqIzc
o1xjz0kHgAw
adY-S8AH_Jc
AeiorQiHcBo
3Z_b8VayU4g
TbFTJ2dYnXE
xwhuyqBiGGs
OPfTAk-Pf0A
_cdp-p8aclg
-wKpM3qnRFE
VPP85fp28KU
fLBBGum0nhQ
oQl_eCA7EGk
Ea_lglhd3qk
H9m49-pT2o4
u5InZ6iknUM
hizvjsHbnGo
n7woVYjD6hM
4Q6nscA8zdY
4vZWPcTHLqY
eEWE9TXobyc
TV9EhzfjepA
J3P3Z8QAMXw
m5Z9zwKg5pA
RHzfoOnw1Os
-gPVvoIEw0w
J9gDa0vG618
hmxEht24I3k
KwH5wtWTSDE
fvQ6wMgxjHk
w79Jg8c8gSo
rK7IcQ3hKoM
SENE8dVqV8c
tueAcSiiqYA
tkKd2WTzI-Q
K2e6RgmMiOg
pvy7dGScj_0
vXyldSCGgEQ
SodDPXqFuVk
HQ93uUhKUzQ
ZmYNc-dXm2s
TCxoZlFqzwA
hGRNUw559SE
RZ-s22gBQ4s
xwWExIF7Bi0
suwg7-y70FQ
E0fzboL3G74
eyDkJ0-V19I
jtTKgIGzU0g
TNhwaJalHE0
CkIweDviGH8
gkfcCHCsW4Q
dFCbJmgeHmA
KdVaAP4mh08
tzm8KB9QgJg
6jqAIsNYKSo
y6VJBeZEDZU
cDB9pw-RABI
X_DlsgjVyno
Y7SjDmnUtus
N-1V4KHBYOI
nQU-Hq5MnOE
mI2h-5ugfzs
FKh8hjJNhWc
a7z-EWJPHCg
SmHLmwzG6q4
Aj2Gsr4cGP0
3RXxhVi4M5Y
OwsD2HMzyFw
GDdZVItbN-E
bu2FbeucoX0
wjSA5ag5fes
EG_i0vN4K-s
bCuCKCYJ3e0
UWPfeg2QkZE
k32PZpYFWag
1Z0Hhse-b0U
p46nM2QGGSo
drq3hTZRRBI
abjD_8r2kHw
6ALPuhASypQ
y4mASxxcoVI
1pBa6L4Yi5k
PXpWGuCPQaU
WzjOjz44MmE
YyG8s2bzxKU
CD4tHMrcF6E
FSYE1T5d9jc
OU84HrX8D8Q
JDUsGeEb4Xc
fQpXg4JHvQk
6F5NjEc8qTM
dnAy6aIbIWo
oStIfeFVX3k
hfDEGWBIK_Q
7KlF0yY6DXo
qt9uiEa29lU
Ze29sZOCMAk
mAtnlVdAxSo
Mkb_3zwVz38
6yWw6fnDba4
Qe-Zx_c9PsQ
h3y-Asa0cBQ
Fr8WMcf2lTo
cuD9uNFXnU8
X1ZyVnHeSmY
MaVRtYh1IRU
7r8Ms6e9EMU
1IrKFS0Wtnw
R3TQi1E32jU
WUGCg0B-h_U
KXb1gDpeq-Y
Coyf1JQfVwk
TCDliGXBW64
SQbxW3YxXdY
lN74MjpA6_E
A30FrAPa8lg
Edi948ymAEY
cx_VA2LPFnk
x5Qpj-njMjg
WPGSKNbmFBw
zNbqh_R8G_c
v4J8RIDkH34
Bw03NRWXoyI
1zSqiFnVQFc
0hi4HvDtCBE
bLwG6VEtSXc
G6ZtN6FSwy4
I-SZ2gggQEE
FmALCMr4sFE
_khs7_Z-zK4
MG_fnzBccQM
ECta0icNMgY
kHCL1tTComw
Nfayipz2Cdk
uoWnQ_Y2OJg
rwRzecxYtkY
TG6BuSjwP4o
8qNJByZKsO8
hB3WsMGB5eY
IoDpJcm1ujs
LhzK3f2tsOc
vcwDqE-IMzc
VAvl8EQAKak
FOXPNqBcoqQ
YKDgxoi5m34
ZHp0MdCOeyU
TCeldAwRzKs
vOZv2nusMlU
fPC8mM9UoOw
YJrPfU-UMR0
Azd2h8XmMNQ
CGAvsmokB4c
XSvAdthNlcw
rf5gqs1QO5Y
9ZLB1HCuzQs
No9bczxuJvA
GHr4ZnWreWI
TqXwI1MWZks
D8ShwA7YpcI
TMRq0rPSbJc
8gxgOm55pKw
GK6PftnStyk
uRkTYNjalQI
XK7whAj9gW0
_JLOasfa-uc
SjJulcvTA7Y
b3EvCcPvD4c
up8fEinm3Gk
myiucvbtj9w
SynQFoNMcQU
rGNt3zsg-ME
nuanozfEKFk
-kSkeqVPC6I
C3GKe7eXbPE
toVfvRhWbj8
ERwGKuEbw-8
clYR57lkoYg
xQTqlJ_GaQ8
usDqSEKDVsA
8rYEJTdcyCo
mK9CShCkxOI
CF0CdTEM8-w
I3Rg7SdIPoE
6pTv-2XPBl4
wDgcNQ9rGnI
Y9zyQO_w4l8
bAPNc4-jLZs
4KwhbHsnj6Q
7hup5twWdAU
o08detmPwaQ
gyc7zGQDuaU
763RoWs4KIk
Q5qZpQe_4EA
UjpUy2OQZYY
kQnSVt34M-Y
3Fbe_Iby8SQ
vAxsR7FpEgk
Ep70T9AVq1A
KzWFN_oQ9bc
NeggVVi3KNk
4xfIGgjmAYY
3dBexS4OSRk
90iLRLzUBEw
mYrFmHh_ibo
U8pJWBCByks
n2RcVEftY48
